<?xml version="1.0" encoding="ISO-8859-1" ?>
<link_info>
   <banner>MSP430 Linker Unix v18.12.6.LTS</banner>
   <copyright>Copyright (c) 2003-2018 Texas Instruments Incorporated</copyright>
   <link_time>0x5f5ce698</link_time>
   <link_errors>0x0</link_errors>
   <output_file>ELK-runtime-CCS.out</output_file>
   <entry_point>
      <name>_c_int00_noargs</name>
      <address>0x4000</address>
   </entry_point>
   <input_file_list>
      <input_file id="fl-2">
         <path>./</path>
         <kind>object</kind>
         <file>main.obj</file>
         <name>main.obj</name>
      </input_file>
      <input_file id="fl-3">
         <path>./driverlib/MSP430FR5xx_6xx/</path>
         <kind>object</kind>
         <file>adc12_b.obj</file>
         <name>adc12_b.obj</name>
      </input_file>
      <input_file id="fl-4">
         <path>./driverlib/MSP430FR5xx_6xx/</path>
         <kind>object</kind>
         <file>aes256.obj</file>
         <name>aes256.obj</name>
      </input_file>
      <input_file id="fl-5">
         <path>./driverlib/MSP430FR5xx_6xx/</path>
         <kind>object</kind>
         <file>comp_e.obj</file>
         <name>comp_e.obj</name>
      </input_file>
      <input_file id="fl-6">
         <path>./driverlib/MSP430FR5xx_6xx/</path>
         <kind>object</kind>
         <file>crc.obj</file>
         <name>crc.obj</name>
      </input_file>
      <input_file id="fl-7">
         <path>./driverlib/MSP430FR5xx_6xx/</path>
         <kind>object</kind>
         <file>crc32.obj</file>
         <name>crc32.obj</name>
      </input_file>
      <input_file id="fl-8">
         <path>./driverlib/MSP430FR5xx_6xx/</path>
         <kind>object</kind>
         <file>cs.obj</file>
         <name>cs.obj</name>
      </input_file>
      <input_file id="fl-9">
         <path>./driverlib/MSP430FR5xx_6xx/</path>
         <kind>object</kind>
         <file>dma.obj</file>
         <name>dma.obj</name>
      </input_file>
      <input_file id="fl-a">
         <path>./driverlib/MSP430FR5xx_6xx/</path>
         <kind>object</kind>
         <file>esi.obj</file>
         <name>esi.obj</name>
      </input_file>
      <input_file id="fl-b">
         <path>./driverlib/MSP430FR5xx_6xx/</path>
         <kind>object</kind>
         <file>eusci_a_spi.obj</file>
         <name>eusci_a_spi.obj</name>
      </input_file>
      <input_file id="fl-c">
         <path>./driverlib/MSP430FR5xx_6xx/</path>
         <kind>object</kind>
         <file>eusci_a_uart.obj</file>
         <name>eusci_a_uart.obj</name>
      </input_file>
      <input_file id="fl-d">
         <path>./driverlib/MSP430FR5xx_6xx/</path>
         <kind>object</kind>
         <file>eusci_b_i2c.obj</file>
         <name>eusci_b_i2c.obj</name>
      </input_file>
      <input_file id="fl-e">
         <path>./driverlib/MSP430FR5xx_6xx/</path>
         <kind>object</kind>
         <file>eusci_b_spi.obj</file>
         <name>eusci_b_spi.obj</name>
      </input_file>
      <input_file id="fl-f">
         <path>./driverlib/MSP430FR5xx_6xx/</path>
         <kind>object</kind>
         <file>framctl.obj</file>
         <name>framctl.obj</name>
      </input_file>
      <input_file id="fl-10">
         <path>./driverlib/MSP430FR5xx_6xx/</path>
         <kind>object</kind>
         <file>framctl_a.obj</file>
         <name>framctl_a.obj</name>
      </input_file>
      <input_file id="fl-11">
         <path>./driverlib/MSP430FR5xx_6xx/</path>
         <kind>object</kind>
         <file>gpio.obj</file>
         <name>gpio.obj</name>
      </input_file>
      <input_file id="fl-12">
         <path>./driverlib/MSP430FR5xx_6xx/</path>
         <kind>object</kind>
         <file>hspll.obj</file>
         <name>hspll.obj</name>
      </input_file>
      <input_file id="fl-13">
         <path>./driverlib/MSP430FR5xx_6xx/</path>
         <kind>object</kind>
         <file>lcd_c.obj</file>
         <name>lcd_c.obj</name>
      </input_file>
      <input_file id="fl-14">
         <path>./driverlib/MSP430FR5xx_6xx/</path>
         <kind>object</kind>
         <file>mpu.obj</file>
         <name>mpu.obj</name>
      </input_file>
      <input_file id="fl-15">
         <path>./driverlib/MSP430FR5xx_6xx/</path>
         <kind>object</kind>
         <file>mpy32.obj</file>
         <name>mpy32.obj</name>
      </input_file>
      <input_file id="fl-16">
         <path>./driverlib/MSP430FR5xx_6xx/</path>
         <kind>object</kind>
         <file>mtif.obj</file>
         <name>mtif.obj</name>
      </input_file>
      <input_file id="fl-17">
         <path>./driverlib/MSP430FR5xx_6xx/</path>
         <kind>object</kind>
         <file>pmm.obj</file>
         <name>pmm.obj</name>
      </input_file>
      <input_file id="fl-18">
         <path>./driverlib/MSP430FR5xx_6xx/</path>
         <kind>object</kind>
         <file>ram.obj</file>
         <name>ram.obj</name>
      </input_file>
      <input_file id="fl-19">
         <path>./driverlib/MSP430FR5xx_6xx/</path>
         <kind>object</kind>
         <file>ref_a.obj</file>
         <name>ref_a.obj</name>
      </input_file>
      <input_file id="fl-1a">
         <path>./driverlib/MSP430FR5xx_6xx/</path>
         <kind>object</kind>
         <file>rtc_b.obj</file>
         <name>rtc_b.obj</name>
      </input_file>
      <input_file id="fl-1b">
         <path>./driverlib/MSP430FR5xx_6xx/</path>
         <kind>object</kind>
         <file>rtc_c.obj</file>
         <name>rtc_c.obj</name>
      </input_file>
      <input_file id="fl-1c">
         <path>./driverlib/MSP430FR5xx_6xx/</path>
         <kind>object</kind>
         <file>saph.obj</file>
         <name>saph.obj</name>
      </input_file>
      <input_file id="fl-1d">
         <path>./driverlib/MSP430FR5xx_6xx/</path>
         <kind>object</kind>
         <file>saph_a.obj</file>
         <name>saph_a.obj</name>
      </input_file>
      <input_file id="fl-1e">
         <path>./driverlib/MSP430FR5xx_6xx/</path>
         <kind>object</kind>
         <file>sdhs.obj</file>
         <name>sdhs.obj</name>
      </input_file>
      <input_file id="fl-1f">
         <path>./driverlib/MSP430FR5xx_6xx/</path>
         <kind>object</kind>
         <file>sfr.obj</file>
         <name>sfr.obj</name>
      </input_file>
      <input_file id="fl-20">
         <path>./driverlib/MSP430FR5xx_6xx/</path>
         <kind>object</kind>
         <file>sysctl.obj</file>
         <name>sysctl.obj</name>
      </input_file>
      <input_file id="fl-21">
         <path>./driverlib/MSP430FR5xx_6xx/</path>
         <kind>object</kind>
         <file>timer_a.obj</file>
         <name>timer_a.obj</name>
      </input_file>
      <input_file id="fl-22">
         <path>./driverlib/MSP430FR5xx_6xx/</path>
         <kind>object</kind>
         <file>timer_b.obj</file>
         <name>timer_b.obj</name>
      </input_file>
      <input_file id="fl-23">
         <path>./driverlib/MSP430FR5xx_6xx/</path>
         <kind>object</kind>
         <file>tlv.obj</file>
         <name>tlv.obj</name>
      </input_file>
      <input_file id="fl-24">
         <path>./driverlib/MSP430FR5xx_6xx/</path>
         <kind>object</kind>
         <file>uups.obj</file>
         <name>uups.obj</name>
      </input_file>
      <input_file id="fl-25">
         <path>./driverlib/MSP430FR5xx_6xx/</path>
         <kind>object</kind>
         <file>wdt_a.obj</file>
         <name>wdt_a.obj</name>
      </input_file>
      <input_file id="fl-26">
         <path>./profile/</path>
         <kind>object</kind>
         <file>HAL_UART.obj</file>
         <name>HAL_UART.obj</name>
      </input_file>
      <input_file id="fl-27">
         <path>./profile/</path>
         <kind>object</kind>
         <file>profile.obj</file>
         <name>profile.obj</name>
      </input_file>
      <input_file id="fl-28">
         <path>./src/apps/Lib/</path>
         <kind>object</kind>
         <file>accel.obj</file>
         <name>accel.obj</name>
      </input_file>
      <input_file id="fl-29">
         <path>./src/apps/Lib/</path>
         <kind>object</kind>
         <file>spi.obj</file>
         <name>spi.obj</name>
      </input_file>
      <input_file id="fl-2a">
         <path>./src/apps/Lib/</path>
         <kind>object</kind>
         <file>timer.obj</file>
         <name>timer.obj</name>
      </input_file>
      <input_file id="fl-2b">
         <path>./src/apps/Lib/dsplib/src/</path>
         <kind>object</kind>
         <file>msp_abs_iq31.obj</file>
         <name>msp_abs_iq31.obj</name>
      </input_file>
      <input_file id="fl-2c">
         <path>./src/apps/Lib/dsplib/src/</path>
         <kind>object</kind>
         <file>msp_abs_q15.obj</file>
         <name>msp_abs_q15.obj</name>
      </input_file>
      <input_file id="fl-2d">
         <path>./src/apps/Lib/dsplib/src/</path>
         <kind>object</kind>
         <file>msp_add_iq31.obj</file>
         <name>msp_add_iq31.obj</name>
      </input_file>
      <input_file id="fl-2e">
         <path>./src/apps/Lib/dsplib/src/</path>
         <kind>object</kind>
         <file>msp_add_q15.obj</file>
         <name>msp_add_q15.obj</name>
      </input_file>
      <input_file id="fl-2f">
         <path>./src/apps/Lib/dsplib/src/</path>
         <kind>object</kind>
         <file>msp_cmplx_add_iq31.obj</file>
         <name>msp_cmplx_add_iq31.obj</name>
      </input_file>
      <input_file id="fl-30">
         <path>./src/apps/Lib/dsplib/src/</path>
         <kind>object</kind>
         <file>msp_cmplx_add_q15.obj</file>
         <name>msp_cmplx_add_q15.obj</name>
      </input_file>
      <input_file id="fl-31">
         <path>./src/apps/Lib/dsplib/src/</path>
         <kind>object</kind>
         <file>msp_cmplx_bitrev_iq31.obj</file>
         <name>msp_cmplx_bitrev_iq31.obj</name>
      </input_file>
      <input_file id="fl-32">
         <path>./src/apps/Lib/dsplib/src/</path>
         <kind>object</kind>
         <file>msp_cmplx_bitrev_q15.obj</file>
         <name>msp_cmplx_bitrev_q15.obj</name>
      </input_file>
      <input_file id="fl-33">
         <path>./src/apps/Lib/dsplib/src/</path>
         <kind>object</kind>
         <file>msp_cmplx_conj_iq31.obj</file>
         <name>msp_cmplx_conj_iq31.obj</name>
      </input_file>
      <input_file id="fl-34">
         <path>./src/apps/Lib/dsplib/src/</path>
         <kind>object</kind>
         <file>msp_cmplx_conj_q15.obj</file>
         <name>msp_cmplx_conj_q15.obj</name>
      </input_file>
      <input_file id="fl-35">
         <path>./src/apps/Lib/dsplib/src/</path>
         <kind>object</kind>
         <file>msp_cmplx_fft_auto_q15.obj</file>
         <name>msp_cmplx_fft_auto_q15.obj</name>
      </input_file>
      <input_file id="fl-36">
         <path>./src/apps/Lib/dsplib/src/</path>
         <kind>object</kind>
         <file>msp_cmplx_fft_fixed_q15.obj</file>
         <name>msp_cmplx_fft_fixed_q15.obj</name>
      </input_file>
      <input_file id="fl-37">
         <path>./src/apps/Lib/dsplib/src/</path>
         <kind>object</kind>
         <file>msp_cmplx_fft_iq31.obj</file>
         <name>msp_cmplx_fft_iq31.obj</name>
      </input_file>
      <input_file id="fl-38">
         <path>./src/apps/Lib/dsplib/src/</path>
         <kind>object</kind>
         <file>msp_cmplx_ifft_auto_q15.obj</file>
         <name>msp_cmplx_ifft_auto_q15.obj</name>
      </input_file>
      <input_file id="fl-39">
         <path>./src/apps/Lib/dsplib/src/</path>
         <kind>object</kind>
         <file>msp_cmplx_ifft_fixed_q15.obj</file>
         <name>msp_cmplx_ifft_fixed_q15.obj</name>
      </input_file>
      <input_file id="fl-3a">
         <path>./src/apps/Lib/dsplib/src/</path>
         <kind>object</kind>
         <file>msp_cmplx_ifft_iq31.obj</file>
         <name>msp_cmplx_ifft_iq31.obj</name>
      </input_file>
      <input_file id="fl-3b">
         <path>./src/apps/Lib/dsplib/src/</path>
         <kind>object</kind>
         <file>msp_cmplx_mac_iq31.obj</file>
         <name>msp_cmplx_mac_iq31.obj</name>
      </input_file>
      <input_file id="fl-3c">
         <path>./src/apps/Lib/dsplib/src/</path>
         <kind>object</kind>
         <file>msp_cmplx_mac_q15.obj</file>
         <name>msp_cmplx_mac_q15.obj</name>
      </input_file>
      <input_file id="fl-3d">
         <path>./src/apps/Lib/dsplib/src/</path>
         <kind>object</kind>
         <file>msp_cmplx_mpy_iq31.obj</file>
         <name>msp_cmplx_mpy_iq31.obj</name>
      </input_file>
      <input_file id="fl-3e">
         <path>./src/apps/Lib/dsplib/src/</path>
         <kind>object</kind>
         <file>msp_cmplx_mpy_q15.obj</file>
         <name>msp_cmplx_mpy_q15.obj</name>
      </input_file>
      <input_file id="fl-3f">
         <path>./src/apps/Lib/dsplib/src/</path>
         <kind>object</kind>
         <file>msp_cmplx_mpy_real_iq31.obj</file>
         <name>msp_cmplx_mpy_real_iq31.obj</name>
      </input_file>
      <input_file id="fl-40">
         <path>./src/apps/Lib/dsplib/src/</path>
         <kind>object</kind>
         <file>msp_cmplx_mpy_real_q15.obj</file>
         <name>msp_cmplx_mpy_real_q15.obj</name>
      </input_file>
      <input_file id="fl-41">
         <path>./src/apps/Lib/dsplib/src/</path>
         <kind>object</kind>
         <file>msp_cmplx_scale_iq31.obj</file>
         <name>msp_cmplx_scale_iq31.obj</name>
      </input_file>
      <input_file id="fl-42">
         <path>./src/apps/Lib/dsplib/src/</path>
         <kind>object</kind>
         <file>msp_cmplx_scale_q15.obj</file>
         <name>msp_cmplx_scale_q15.obj</name>
      </input_file>
      <input_file id="fl-43">
         <path>./src/apps/Lib/dsplib/src/</path>
         <kind>object</kind>
         <file>msp_cmplx_shift_iq31.obj</file>
         <name>msp_cmplx_shift_iq31.obj</name>
      </input_file>
      <input_file id="fl-44">
         <path>./src/apps/Lib/dsplib/src/</path>
         <kind>object</kind>
         <file>msp_cmplx_shift_q15.obj</file>
         <name>msp_cmplx_shift_q15.obj</name>
      </input_file>
      <input_file id="fl-45">
         <path>./src/apps/Lib/dsplib/src/</path>
         <kind>object</kind>
         <file>msp_cmplx_sub_iq31.obj</file>
         <name>msp_cmplx_sub_iq31.obj</name>
      </input_file>
      <input_file id="fl-46">
         <path>./src/apps/Lib/dsplib/src/</path>
         <kind>object</kind>
         <file>msp_cmplx_sub_q15.obj</file>
         <name>msp_cmplx_sub_q15.obj</name>
      </input_file>
      <input_file id="fl-47">
         <path>./src/apps/Lib/dsplib/src/</path>
         <kind>object</kind>
         <file>msp_fft_auto_q15.obj</file>
         <name>msp_fft_auto_q15.obj</name>
      </input_file>
      <input_file id="fl-48">
         <path>./src/apps/Lib/dsplib/src/</path>
         <kind>object</kind>
         <file>msp_fft_fixed_q15.obj</file>
         <name>msp_fft_fixed_q15.obj</name>
      </input_file>
      <input_file id="fl-49">
         <path>./src/apps/Lib/dsplib/src/</path>
         <kind>object</kind>
         <file>msp_fft_iq31.obj</file>
         <name>msp_fft_iq31.obj</name>
      </input_file>
      <input_file id="fl-4a">
         <path>./src/apps/Lib/dsplib/src/</path>
         <kind>object</kind>
         <file>msp_ifft_auto_q15.obj</file>
         <name>msp_ifft_auto_q15.obj</name>
      </input_file>
      <input_file id="fl-4b">
         <path>./src/apps/Lib/dsplib/src/</path>
         <kind>object</kind>
         <file>msp_ifft_fixed_q15.obj</file>
         <name>msp_ifft_fixed_q15.obj</name>
      </input_file>
      <input_file id="fl-4c">
         <path>./src/apps/Lib/dsplib/src/</path>
         <kind>object</kind>
         <file>msp_ifft_iq31.obj</file>
         <name>msp_ifft_iq31.obj</name>
      </input_file>
      <input_file id="fl-4d">
         <path>./src/apps/Lib/dsplib/src/</path>
         <kind>object</kind>
         <file>msp_mac_iq31.obj</file>
         <name>msp_mac_iq31.obj</name>
      </input_file>
      <input_file id="fl-4e">
         <path>./src/apps/Lib/dsplib/src/</path>
         <kind>object</kind>
         <file>msp_mac_q15.obj</file>
         <name>msp_mac_q15.obj</name>
      </input_file>
      <input_file id="fl-4f">
         <path>./src/apps/Lib/dsplib/src/</path>
         <kind>object</kind>
         <file>msp_max_iq31.obj</file>
         <name>msp_max_iq31.obj</name>
      </input_file>
      <input_file id="fl-50">
         <path>./src/apps/Lib/dsplib/src/</path>
         <kind>object</kind>
         <file>msp_max_q15.obj</file>
         <name>msp_max_q15.obj</name>
      </input_file>
      <input_file id="fl-51">
         <path>./src/apps/Lib/dsplib/src/</path>
         <kind>object</kind>
         <file>msp_max_uq15.obj</file>
         <name>msp_max_uq15.obj</name>
      </input_file>
      <input_file id="fl-52">
         <path>./src/apps/Lib/dsplib/src/</path>
         <kind>object</kind>
         <file>msp_max_uq31.obj</file>
         <name>msp_max_uq31.obj</name>
      </input_file>
      <input_file id="fl-53">
         <path>./src/apps/Lib/dsplib/src/</path>
         <kind>object</kind>
         <file>msp_min_iq31.obj</file>
         <name>msp_min_iq31.obj</name>
      </input_file>
      <input_file id="fl-54">
         <path>./src/apps/Lib/dsplib/src/</path>
         <kind>object</kind>
         <file>msp_min_q15.obj</file>
         <name>msp_min_q15.obj</name>
      </input_file>
      <input_file id="fl-55">
         <path>./src/apps/Lib/dsplib/src/</path>
         <kind>object</kind>
         <file>msp_min_uq15.obj</file>
         <name>msp_min_uq15.obj</name>
      </input_file>
      <input_file id="fl-56">
         <path>./src/apps/Lib/dsplib/src/</path>
         <kind>object</kind>
         <file>msp_min_uq31.obj</file>
         <name>msp_min_uq31.obj</name>
      </input_file>
      <input_file id="fl-57">
         <path>./src/apps/Lib/dsplib/src/</path>
         <kind>object</kind>
         <file>msp_mpy_iq31.obj</file>
         <name>msp_mpy_iq31.obj</name>
      </input_file>
      <input_file id="fl-58">
         <path>./src/apps/Lib/dsplib/src/</path>
         <kind>object</kind>
         <file>msp_mpy_q15.obj</file>
         <name>msp_mpy_q15.obj</name>
      </input_file>
      <input_file id="fl-59">
         <path>./src/apps/Lib/dsplib/src/</path>
         <kind>object</kind>
         <file>msp_neg_iq31.obj</file>
         <name>msp_neg_iq31.obj</name>
      </input_file>
      <input_file id="fl-5a">
         <path>./src/apps/Lib/dsplib/src/</path>
         <kind>object</kind>
         <file>msp_neg_q15.obj</file>
         <name>msp_neg_q15.obj</name>
      </input_file>
      <input_file id="fl-5b">
         <path>./src/apps/Lib/dsplib/src/</path>
         <kind>object</kind>
         <file>msp_offset_iq31.obj</file>
         <name>msp_offset_iq31.obj</name>
      </input_file>
      <input_file id="fl-5c">
         <path>./src/apps/Lib/dsplib/src/</path>
         <kind>object</kind>
         <file>msp_offset_q15.obj</file>
         <name>msp_offset_q15.obj</name>
      </input_file>
      <input_file id="fl-5d">
         <path>./src/apps/Lib/dsplib/src/</path>
         <kind>object</kind>
         <file>msp_scale_iq31.obj</file>
         <name>msp_scale_iq31.obj</name>
      </input_file>
      <input_file id="fl-5e">
         <path>./src/apps/Lib/dsplib/src/</path>
         <kind>object</kind>
         <file>msp_scale_q15.obj</file>
         <name>msp_scale_q15.obj</name>
      </input_file>
      <input_file id="fl-5f">
         <path>./src/apps/Lib/dsplib/src/</path>
         <kind>object</kind>
         <file>msp_shift_iq31.obj</file>
         <name>msp_shift_iq31.obj</name>
      </input_file>
      <input_file id="fl-60">
         <path>./src/apps/Lib/dsplib/src/</path>
         <kind>object</kind>
         <file>msp_shift_q15.obj</file>
         <name>msp_shift_q15.obj</name>
      </input_file>
      <input_file id="fl-61">
         <path>./src/apps/Lib/dsplib/src/</path>
         <kind>object</kind>
         <file>msp_split_iq31.obj</file>
         <name>msp_split_iq31.obj</name>
      </input_file>
      <input_file id="fl-62">
         <path>./src/apps/Lib/dsplib/src/</path>
         <kind>object</kind>
         <file>msp_split_q15.obj</file>
         <name>msp_split_q15.obj</name>
      </input_file>
      <input_file id="fl-63">
         <path>./src/apps/Lib/dsplib/src/</path>
         <kind>object</kind>
         <file>msp_sub_iq31.obj</file>
         <name>msp_sub_iq31.obj</name>
      </input_file>
      <input_file id="fl-64">
         <path>./src/apps/Lib/dsplib/src/</path>
         <kind>object</kind>
         <file>msp_sub_q15.obj</file>
         <name>msp_sub_q15.obj</name>
      </input_file>
      <input_file id="fl-65">
         <path>./src/apps/Lib/dsplib/src/</path>
         <kind>object</kind>
         <file>msp_transform_tables.obj</file>
         <name>msp_transform_tables.obj</name>
      </input_file>
      <input_file id="fl-66">
         <path>./src/apps/Lib/mspmath/</path>
         <kind>object</kind>
         <file>divmodhi3.obj</file>
         <name>divmodhi3.obj</name>
      </input_file>
      <input_file id="fl-67">
         <path>./src/apps/Lib/mspmath/</path>
         <kind>object</kind>
         <file>mult.obj</file>
         <name>mult.obj</name>
      </input_file>
      <input_file id="fl-68">
         <path>./src/apps/Lib/mspmath/</path>
         <kind>object</kind>
         <file>sqrt.obj</file>
         <name>sqrt.obj</name>
      </input_file>
      <input_file id="fl-69">
         <path>./src/apps/adpcm/</path>
         <kind>object</kind>
         <file>adpcm.obj</file>
         <name>adpcm.obj</name>
      </input_file>
      <input_file id="fl-6a">
         <path>./src/apps/ar/</path>
         <kind>object</kind>
         <file>ar.obj</file>
         <name>ar.obj</name>
      </input_file>
      <input_file id="fl-6b">
         <path>./src/apps/bc/</path>
         <kind>object</kind>
         <file>bc.obj</file>
         <name>bc.obj</name>
      </input_file>
      <input_file id="fl-6c">
         <path>./src/apps/cem/</path>
         <kind>object</kind>
         <file>cem.obj</file>
         <name>cem.obj</name>
      </input_file>
      <input_file id="fl-6d">
         <path>./src/apps/crc/</path>
         <kind>object</kind>
         <file>crc.obj</file>
         <name>crc.obj</name>
      </input_file>
      <input_file id="fl-6e">
         <path>./src/apps/cuckoo/</path>
         <kind>object</kind>
         <file>cuckoo.obj</file>
         <name>cuckoo.obj</name>
      </input_file>
      <input_file id="fl-6f">
         <path>./src/apps/dij/</path>
         <kind>object</kind>
         <file>dij.obj</file>
         <name>dij.obj</name>
      </input_file>
      <input_file id="fl-70">
         <path>./src/apps/fft/</path>
         <kind>object</kind>
         <file>fft.obj</file>
         <name>fft.obj</name>
      </input_file>
      <input_file id="fl-71">
         <path>./src/apps/rsa/</path>
         <kind>object</kind>
         <file>rsa.obj</file>
         <name>rsa.obj</name>
      </input_file>
      <input_file id="fl-72">
         <path>./src/apps/sort/</path>
         <kind>object</kind>
         <file>sort.obj</file>
         <name>sort.obj</name>
      </input_file>
      <input_file id="fl-73">
         <path>./src/kernel/elk/</path>
         <kind>object</kind>
         <file>dma.obj</file>
         <name>dma.obj</name>
      </input_file>
      <input_file id="fl-74">
         <path>./src/kernel/elk/</path>
         <kind>object</kind>
         <file>elk.obj</file>
         <name>elk.obj</name>
      </input_file>
      <input_file id="fl-75">
         <path>./src/kernel/elk/</path>
         <kind>object</kind>
         <file>task.obj</file>
         <name>task.obj</name>
      </input_file>
      <input_file id="fl-7b">
         <kind>object</kind>
         <file>&lt;internal&gt;</file>
         <name>&lt;internal&gt;</name>
      </input_file>
      <input_file id="fl-96">
         <path>/Applications/ti/ccs930/ccs/tools/compiler/ti-cgt-msp430_18.12.6.LTS/lib/</path>
         <kind>archive</kind>
         <file>rts430x_lc_rd_eabi.lib</file>
         <name>copy_decompress_lzss.c.obj</name>
      </input_file>
      <input_file id="fl-97">
         <path>/Applications/ti/ccs930/ccs/tools/compiler/ti-cgt-msp430_18.12.6.LTS/lib/</path>
         <kind>archive</kind>
         <file>rts430x_lc_rd_eabi.lib</file>
         <name>copy_decompress_none.c.obj</name>
      </input_file>
      <input_file id="fl-98">
         <path>/Applications/ti/ccs930/ccs/tools/compiler/ti-cgt-msp430_18.12.6.LTS/lib/</path>
         <kind>archive</kind>
         <file>rts430x_lc_rd_eabi.lib</file>
         <name>int19.asm.obj</name>
      </input_file>
      <input_file id="fl-99">
         <path>/Applications/ti/ccs930/ccs/tools/compiler/ti-cgt-msp430_18.12.6.LTS/lib/</path>
         <kind>archive</kind>
         <file>rts430x_lc_rd_eabi.lib</file>
         <name>isr_trap.asm.obj</name>
      </input_file>
      <input_file id="fl-9a">
         <path>/Applications/ti/ccs930/ccs/tools/compiler/ti-cgt-msp430_18.12.6.LTS/lib/</path>
         <kind>archive</kind>
         <file>rts430x_lc_rd_eabi.lib</file>
         <name>int20.asm.obj</name>
      </input_file>
      <input_file id="fl-9b">
         <path>/Applications/ti/ccs930/ccs/tools/compiler/ti-cgt-msp430_18.12.6.LTS/lib/</path>
         <kind>archive</kind>
         <file>rts430x_lc_rd_eabi.lib</file>
         <name>int21.asm.obj</name>
      </input_file>
      <input_file id="fl-9c">
         <path>/Applications/ti/ccs930/ccs/tools/compiler/ti-cgt-msp430_18.12.6.LTS/lib/</path>
         <kind>archive</kind>
         <file>rts430x_lc_rd_eabi.lib</file>
         <name>int22.asm.obj</name>
      </input_file>
      <input_file id="fl-9d">
         <path>/Applications/ti/ccs930/ccs/tools/compiler/ti-cgt-msp430_18.12.6.LTS/lib/</path>
         <kind>archive</kind>
         <file>rts430x_lc_rd_eabi.lib</file>
         <name>int23.asm.obj</name>
      </input_file>
      <input_file id="fl-9e">
         <path>/Applications/ti/ccs930/ccs/tools/compiler/ti-cgt-msp430_18.12.6.LTS/lib/</path>
         <kind>archive</kind>
         <file>rts430x_lc_rd_eabi.lib</file>
         <name>int24.asm.obj</name>
      </input_file>
      <input_file id="fl-9f">
         <path>/Applications/ti/ccs930/ccs/tools/compiler/ti-cgt-msp430_18.12.6.LTS/lib/</path>
         <kind>archive</kind>
         <file>rts430x_lc_rd_eabi.lib</file>
         <name>int25.asm.obj</name>
      </input_file>
      <input_file id="fl-a0">
         <path>/Applications/ti/ccs930/ccs/tools/compiler/ti-cgt-msp430_18.12.6.LTS/lib/</path>
         <kind>archive</kind>
         <file>rts430x_lc_rd_eabi.lib</file>
         <name>int26.asm.obj</name>
      </input_file>
      <input_file id="fl-a1">
         <path>/Applications/ti/ccs930/ccs/tools/compiler/ti-cgt-msp430_18.12.6.LTS/lib/</path>
         <kind>archive</kind>
         <file>rts430x_lc_rd_eabi.lib</file>
         <name>int27.asm.obj</name>
      </input_file>
      <input_file id="fl-a2">
         <path>/Applications/ti/ccs930/ccs/tools/compiler/ti-cgt-msp430_18.12.6.LTS/lib/</path>
         <kind>archive</kind>
         <file>rts430x_lc_rd_eabi.lib</file>
         <name>int28.asm.obj</name>
      </input_file>
      <input_file id="fl-a3">
         <path>/Applications/ti/ccs930/ccs/tools/compiler/ti-cgt-msp430_18.12.6.LTS/lib/</path>
         <kind>archive</kind>
         <file>rts430x_lc_rd_eabi.lib</file>
         <name>int29.asm.obj</name>
      </input_file>
      <input_file id="fl-a4">
         <path>/Applications/ti/ccs930/ccs/tools/compiler/ti-cgt-msp430_18.12.6.LTS/lib/</path>
         <kind>archive</kind>
         <file>rts430x_lc_rd_eabi.lib</file>
         <name>int30.asm.obj</name>
      </input_file>
      <input_file id="fl-a5">
         <path>/Applications/ti/ccs930/ccs/tools/compiler/ti-cgt-msp430_18.12.6.LTS/lib/</path>
         <kind>archive</kind>
         <file>rts430x_lc_rd_eabi.lib</file>
         <name>int31.asm.obj</name>
      </input_file>
      <input_file id="fl-a6">
         <path>/Applications/ti/ccs930/ccs/tools/compiler/ti-cgt-msp430_18.12.6.LTS/lib/</path>
         <kind>archive</kind>
         <file>rts430x_lc_rd_eabi.lib</file>
         <name>int32.asm.obj</name>
      </input_file>
      <input_file id="fl-a7">
         <path>/Applications/ti/ccs930/ccs/tools/compiler/ti-cgt-msp430_18.12.6.LTS/lib/</path>
         <kind>archive</kind>
         <file>rts430x_lc_rd_eabi.lib</file>
         <name>int33.asm.obj</name>
      </input_file>
      <input_file id="fl-a8">
         <path>/Applications/ti/ccs930/ccs/tools/compiler/ti-cgt-msp430_18.12.6.LTS/lib/</path>
         <kind>archive</kind>
         <file>rts430x_lc_rd_eabi.lib</file>
         <name>int34.asm.obj</name>
      </input_file>
      <input_file id="fl-a9">
         <path>/Applications/ti/ccs930/ccs/tools/compiler/ti-cgt-msp430_18.12.6.LTS/lib/</path>
         <kind>archive</kind>
         <file>rts430x_lc_rd_eabi.lib</file>
         <name>int35.asm.obj</name>
      </input_file>
      <input_file id="fl-aa">
         <path>/Applications/ti/ccs930/ccs/tools/compiler/ti-cgt-msp430_18.12.6.LTS/lib/</path>
         <kind>archive</kind>
         <file>rts430x_lc_rd_eabi.lib</file>
         <name>int36.asm.obj</name>
      </input_file>
      <input_file id="fl-ab">
         <path>/Applications/ti/ccs930/ccs/tools/compiler/ti-cgt-msp430_18.12.6.LTS/lib/</path>
         <kind>archive</kind>
         <file>rts430x_lc_rd_eabi.lib</file>
         <name>int37.asm.obj</name>
      </input_file>
      <input_file id="fl-ac">
         <path>/Applications/ti/ccs930/ccs/tools/compiler/ti-cgt-msp430_18.12.6.LTS/lib/</path>
         <kind>archive</kind>
         <file>rts430x_lc_rd_eabi.lib</file>
         <name>int39.asm.obj</name>
      </input_file>
      <input_file id="fl-ad">
         <path>/Applications/ti/ccs930/ccs/tools/compiler/ti-cgt-msp430_18.12.6.LTS/lib/</path>
         <kind>archive</kind>
         <file>rts430x_lc_rd_eabi.lib</file>
         <name>int40.asm.obj</name>
      </input_file>
      <input_file id="fl-ae">
         <path>/Applications/ti/ccs930/ccs/tools/compiler/ti-cgt-msp430_18.12.6.LTS/lib/</path>
         <kind>archive</kind>
         <file>rts430x_lc_rd_eabi.lib</file>
         <name>int41.asm.obj</name>
      </input_file>
      <input_file id="fl-af">
         <path>/Applications/ti/ccs930/ccs/tools/compiler/ti-cgt-msp430_18.12.6.LTS/lib/</path>
         <kind>archive</kind>
         <file>rts430x_lc_rd_eabi.lib</file>
         <name>int42.asm.obj</name>
      </input_file>
      <input_file id="fl-b0">
         <path>/Applications/ti/ccs930/ccs/tools/compiler/ti-cgt-msp430_18.12.6.LTS/lib/</path>
         <kind>archive</kind>
         <file>rts430x_lc_rd_eabi.lib</file>
         <name>int43.asm.obj</name>
      </input_file>
      <input_file id="fl-b1">
         <path>/Applications/ti/ccs930/ccs/tools/compiler/ti-cgt-msp430_18.12.6.LTS/lib/</path>
         <kind>archive</kind>
         <file>rts430x_lc_rd_eabi.lib</file>
         <name>int44.asm.obj</name>
      </input_file>
      <input_file id="fl-b2">
         <path>/Applications/ti/ccs930/ccs/tools/compiler/ti-cgt-msp430_18.12.6.LTS/lib/</path>
         <kind>archive</kind>
         <file>rts430x_lc_rd_eabi.lib</file>
         <name>int45.asm.obj</name>
      </input_file>
      <input_file id="fl-b3">
         <path>/Applications/ti/ccs930/ccs/tools/compiler/ti-cgt-msp430_18.12.6.LTS/lib/</path>
         <kind>archive</kind>
         <file>rts430x_lc_rd_eabi.lib</file>
         <name>int46.asm.obj</name>
      </input_file>
      <input_file id="fl-b4">
         <path>/Applications/ti/ccs930/ccs/tools/compiler/ti-cgt-msp430_18.12.6.LTS/lib/</path>
         <kind>archive</kind>
         <file>rts430x_lc_rd_eabi.lib</file>
         <name>int47.asm.obj</name>
      </input_file>
      <input_file id="fl-b5">
         <path>/Applications/ti/ccs930/ccs/tools/compiler/ti-cgt-msp430_18.12.6.LTS/lib/</path>
         <kind>archive</kind>
         <file>rts430x_lc_rd_eabi.lib</file>
         <name>int48.asm.obj</name>
      </input_file>
      <input_file id="fl-b6">
         <path>/Applications/ti/ccs930/ccs/tools/compiler/ti-cgt-msp430_18.12.6.LTS/lib/</path>
         <kind>archive</kind>
         <file>rts430x_lc_rd_eabi.lib</file>
         <name>int49.asm.obj</name>
      </input_file>
      <input_file id="fl-b7">
         <path>/Applications/ti/ccs930/ccs/tools/compiler/ti-cgt-msp430_18.12.6.LTS/lib/</path>
         <kind>archive</kind>
         <file>rts430x_lc_rd_eabi.lib</file>
         <name>int50.asm.obj</name>
      </input_file>
      <input_file id="fl-b8">
         <path>/Applications/ti/ccs930/ccs/tools/compiler/ti-cgt-msp430_18.12.6.LTS/lib/</path>
         <kind>archive</kind>
         <file>rts430x_lc_rd_eabi.lib</file>
         <name>int51.asm.obj</name>
      </input_file>
      <input_file id="fl-b9">
         <path>/Applications/ti/ccs930/ccs/tools/compiler/ti-cgt-msp430_18.12.6.LTS/lib/</path>
         <kind>archive</kind>
         <file>rts430x_lc_rd_eabi.lib</file>
         <name>int52.asm.obj</name>
      </input_file>
      <input_file id="fl-ba">
         <path>/Applications/ti/ccs930/ccs/tools/compiler/ti-cgt-msp430_18.12.6.LTS/lib/</path>
         <kind>archive</kind>
         <file>rts430x_lc_rd_eabi.lib</file>
         <name>int53.asm.obj</name>
      </input_file>
      <input_file id="fl-bb">
         <path>/Applications/ti/ccs930/ccs/tools/compiler/ti-cgt-msp430_18.12.6.LTS/lib/</path>
         <kind>archive</kind>
         <file>rts430x_lc_rd_eabi.lib</file>
         <name>int54.asm.obj</name>
      </input_file>
      <input_file id="fl-bc">
         <path>/Applications/ti/ccs930/ccs/tools/compiler/ti-cgt-msp430_18.12.6.LTS/lib/</path>
         <kind>archive</kind>
         <file>rts430x_lc_rd_eabi.lib</file>
         <name>copy_zero_init.c.obj</name>
      </input_file>
      <input_file id="fl-bd">
         <path>/Applications/ti/ccs930/ccs/tools/compiler/ti-cgt-msp430_18.12.6.LTS/lib/</path>
         <kind>archive</kind>
         <file>rts430x_lc_rd_eabi.lib</file>
         <name>div16s.asm.obj</name>
      </input_file>
      <input_file id="fl-be">
         <path>/Applications/ti/ccs930/ccs/tools/compiler/ti-cgt-msp430_18.12.6.LTS/lib/</path>
         <kind>archive</kind>
         <file>rts430x_lc_rd_eabi.lib</file>
         <name>div32s.asm.obj</name>
      </input_file>
      <input_file id="fl-bf">
         <path>/Applications/ti/ccs930/ccs/tools/compiler/ti-cgt-msp430_18.12.6.LTS/lib/</path>
         <kind>archive</kind>
         <file>rts430x_lc_rd_eabi.lib</file>
         <name>div16u.asm.obj</name>
      </input_file>
      <input_file id="fl-c0">
         <path>/Applications/ti/ccs930/ccs/tools/compiler/ti-cgt-msp430_18.12.6.LTS/lib/</path>
         <kind>archive</kind>
         <file>rts430x_lc_rd_eabi.lib</file>
         <name>div32u.asm.obj</name>
      </input_file>
      <input_file id="fl-c1">
         <path>/Applications/ti/ccs930/ccs/tools/compiler/ti-cgt-msp430_18.12.6.LTS/lib/</path>
         <kind>archive</kind>
         <file>rts430x_lc_rd_eabi.lib</file>
         <name>mult16.asm.obj</name>
      </input_file>
      <input_file id="fl-c2">
         <path>/Applications/ti/ccs930/ccs/tools/compiler/ti-cgt-msp430_18.12.6.LTS/lib/</path>
         <kind>archive</kind>
         <file>rts430x_lc_rd_eabi.lib</file>
         <name>mult16_f5hw.asm.obj</name>
      </input_file>
      <input_file id="fl-c3">
         <path>/Applications/ti/ccs930/ccs/tools/compiler/ti-cgt-msp430_18.12.6.LTS/lib/</path>
         <kind>archive</kind>
         <file>rts430x_lc_rd_eabi.lib</file>
         <name>mult32.asm.obj</name>
      </input_file>
      <input_file id="fl-c4">
         <path>/Applications/ti/ccs930/ccs/tools/compiler/ti-cgt-msp430_18.12.6.LTS/lib/</path>
         <kind>archive</kind>
         <file>rts430x_lc_rd_eabi.lib</file>
         <name>mult32_f5hw.asm.obj</name>
      </input_file>
      <input_file id="fl-c5">
         <path>/Applications/ti/ccs930/ccs/tools/compiler/ti-cgt-msp430_18.12.6.LTS/lib/</path>
         <kind>archive</kind>
         <file>rts430x_lc_rd_eabi.lib</file>
         <name>mult64_f5hw.asm.obj</name>
      </input_file>
      <input_file id="fl-c6">
         <path>/Applications/ti/ccs930/ccs/tools/compiler/ti-cgt-msp430_18.12.6.LTS/lib/</path>
         <kind>archive</kind>
         <file>rts430x_lc_rd_eabi.lib</file>
         <name>mult1632_f5hw.asm.obj</name>
      </input_file>
      <input_file id="fl-c7">
         <path>/Applications/ti/ccs930/ccs/tools/compiler/ti-cgt-msp430_18.12.6.LTS/lib/</path>
         <kind>archive</kind>
         <file>rts430x_lc_rd_eabi.lib</file>
         <name>mult3264_f5hw.asm.obj</name>
      </input_file>
      <input_file id="fl-c8">
         <path>/Applications/ti/ccs930/ccs/tools/compiler/ti-cgt-msp430_18.12.6.LTS/lib/</path>
         <kind>archive</kind>
         <file>rts430x_lc_rd_eabi.lib</file>
         <name>mult1632.asm.obj</name>
      </input_file>
      <input_file id="fl-c9">
         <path>/Applications/ti/ccs930/ccs/tools/compiler/ti-cgt-msp430_18.12.6.LTS/lib/</path>
         <kind>archive</kind>
         <file>rts430x_lc_rd_eabi.lib</file>
         <name>lsl16.asm.obj</name>
      </input_file>
      <input_file id="fl-ca">
         <path>/Applications/ti/ccs930/ccs/tools/compiler/ti-cgt-msp430_18.12.6.LTS/lib/</path>
         <kind>archive</kind>
         <file>rts430x_lc_rd_eabi.lib</file>
         <name>lsl32.asm.obj</name>
      </input_file>
      <input_file id="fl-cb">
         <path>/Applications/ti/ccs930/ccs/tools/compiler/ti-cgt-msp430_18.12.6.LTS/lib/</path>
         <kind>archive</kind>
         <file>rts430x_lc_rd_eabi.lib</file>
         <name>asr16.asm.obj</name>
      </input_file>
      <input_file id="fl-cc">
         <path>/Applications/ti/ccs930/ccs/tools/compiler/ti-cgt-msp430_18.12.6.LTS/lib/</path>
         <kind>archive</kind>
         <file>rts430x_lc_rd_eabi.lib</file>
         <name>asr32.asm.obj</name>
      </input_file>
      <input_file id="fl-cd">
         <path>/Applications/ti/ccs930/ccs/tools/compiler/ti-cgt-msp430_18.12.6.LTS/lib/</path>
         <kind>archive</kind>
         <file>rts430x_lc_rd_eabi.lib</file>
         <name>lsr16.asm.obj</name>
      </input_file>
      <input_file id="fl-ce">
         <path>/Applications/ti/ccs930/ccs/tools/compiler/ti-cgt-msp430_18.12.6.LTS/lib/</path>
         <kind>archive</kind>
         <file>rts430x_lc_rd_eabi.lib</file>
         <name>lsr32.asm.obj</name>
      </input_file>
      <input_file id="fl-cf">
         <path>/Applications/ti/ccs930/ccs/tools/compiler/ti-cgt-msp430_18.12.6.LTS/lib/</path>
         <kind>archive</kind>
         <file>rts430x_lc_rd_eabi.lib</file>
         <name>lsr64.c.obj</name>
      </input_file>
      <input_file id="fl-d0">
         <path>/Applications/ti/ccs930/ccs/tools/compiler/ti-cgt-msp430_18.12.6.LTS/lib/</path>
         <kind>archive</kind>
         <file>rts430x_lc_rd_eabi.lib</file>
         <name>boot.c.obj</name>
      </input_file>
      <input_file id="fl-d1">
         <path>/Applications/ti/ccs930/ccs/tools/compiler/ti-cgt-msp430_18.12.6.LTS/lib/</path>
         <kind>archive</kind>
         <file>rts430x_lc_rd_eabi.lib</file>
         <name>mpu_init.c.obj</name>
      </input_file>
      <input_file id="fl-d2">
         <path>/Applications/ti/ccs930/ccs/tools/compiler/ti-cgt-msp430_18.12.6.LTS/lib/</path>
         <kind>archive</kind>
         <file>rts430x_lc_rd_eabi.lib</file>
         <name>args_main.c.obj</name>
      </input_file>
      <input_file id="fl-d3">
         <path>/Applications/ti/ccs930/ccs/tools/compiler/ti-cgt-msp430_18.12.6.LTS/lib/</path>
         <kind>archive</kind>
         <file>rts430x_lc_rd_eabi.lib</file>
         <name>autoinit.c.obj</name>
      </input_file>
      <input_file id="fl-d4">
         <path>/Applications/ti/ccs930/ccs/tools/compiler/ti-cgt-msp430_18.12.6.LTS/lib/</path>
         <kind>archive</kind>
         <file>rts430x_lc_rd_eabi.lib</file>
         <name>startup.c.obj</name>
      </input_file>
      <input_file id="fl-d5">
         <path>/Applications/ti/ccs930/ccs/tools/compiler/ti-cgt-msp430_18.12.6.LTS/lib/</path>
         <kind>archive</kind>
         <file>rts430x_lc_rd_eabi.lib</file>
         <name>pre_init.c.obj</name>
      </input_file>
      <input_file id="fl-d6">
         <path>/Applications/ti/ccs930/ccs/tools/compiler/ti-cgt-msp430_18.12.6.LTS/lib/</path>
         <kind>archive</kind>
         <file>rts430x_lc_rd_eabi.lib</file>
         <name>abs.c.obj</name>
      </input_file>
      <input_file id="fl-d7">
         <path>/Applications/ti/ccs930/ccs/tools/compiler/ti-cgt-msp430_18.12.6.LTS/lib/</path>
         <kind>archive</kind>
         <file>rts430x_lc_rd_eabi.lib</file>
         <name>cpy_tbl.c.obj</name>
      </input_file>
      <input_file id="fl-d8">
         <path>/Applications/ti/ccs930/ccs/tools/compiler/ti-cgt-msp430_18.12.6.LTS/lib/</path>
         <kind>archive</kind>
         <file>rts430x_lc_rd_eabi.lib</file>
         <name>exit.c.obj</name>
      </input_file>
      <input_file id="fl-d9">
         <path>/Applications/ti/ccs930/ccs/tools/compiler/ti-cgt-msp430_18.12.6.LTS/lib/</path>
         <kind>archive</kind>
         <file>rts430x_lc_rd_eabi.lib</file>
         <name>exit_gvars.c.obj</name>
      </input_file>
      <input_file id="fl-da">
         <path>/Applications/ti/ccs930/ccs/tools/compiler/ti-cgt-msp430_18.12.6.LTS/lib/</path>
         <kind>archive</kind>
         <file>rts430x_lc_rd_eabi.lib</file>
         <name>_lock.c.obj</name>
      </input_file>
      <input_file id="fl-db">
         <path>/Applications/ti/ccs930/ccs/tools/compiler/ti-cgt-msp430_18.12.6.LTS/lib/</path>
         <kind>archive</kind>
         <file>rts430x_lc_rd_eabi.lib</file>
         <name>memcpy.c.obj</name>
      </input_file>
      <input_file id="fl-dc">
         <path>/Applications/ti/ccs930/ccs/tools/compiler/ti-cgt-msp430_18.12.6.LTS/lib/</path>
         <kind>archive</kind>
         <file>rts430x_lc_rd_eabi.lib</file>
         <name>memset.c.obj</name>
      </input_file>
      <input_file id="fl-dd">
         <path>/Applications/ti/ccs930/ccs/tools/compiler/ti-cgt-msp430_18.12.6.LTS/lib/</path>
         <kind>archive</kind>
         <file>rts430x_lc_rd_eabi.lib</file>
         <name>printf.c.obj</name>
      </input_file>
      <input_file id="fl-de">
         <path>/Applications/ti/ccs930/ccs/tools/compiler/ti-cgt-msp430_18.12.6.LTS/lib/</path>
         <kind>archive</kind>
         <file>rts430x_lc_rd_eabi.lib</file>
         <name>_printfi.c.obj</name>
      </input_file>
      <input_file id="fl-df">
         <path>/Applications/ti/ccs930/ccs/tools/compiler/ti-cgt-msp430_18.12.6.LTS/lib/</path>
         <kind>archive</kind>
         <file>rts430x_lc_rd_eabi.lib</file>
         <name>cmpd.c.obj</name>
      </input_file>
      <input_file id="fl-e0">
         <path>/Applications/ti/ccs930/ccs/tools/compiler/ti-cgt-msp430_18.12.6.LTS/lib/</path>
         <kind>archive</kind>
         <file>rts430x_lc_rd_eabi.lib</file>
         <name>divd.c.obj</name>
      </input_file>
      <input_file id="fl-e1">
         <path>/Applications/ti/ccs930/ccs/tools/compiler/ti-cgt-msp430_18.12.6.LTS/lib/</path>
         <kind>archive</kind>
         <file>rts430x_lc_rd_eabi.lib</file>
         <name>frcdivd.c.obj</name>
      </input_file>
      <input_file id="fl-e2">
         <path>/Applications/ti/ccs930/ccs/tools/compiler/ti-cgt-msp430_18.12.6.LTS/lib/</path>
         <kind>archive</kind>
         <file>rts430x_lc_rd_eabi.lib</file>
         <name>div64u.c.obj</name>
      </input_file>
      <input_file id="fl-e3">
         <path>/Applications/ti/ccs930/ccs/tools/compiler/ti-cgt-msp430_18.12.6.LTS/lib/</path>
         <kind>archive</kind>
         <file>rts430x_lc_rd_eabi.lib</file>
         <name>fixdi.c.obj</name>
      </input_file>
      <input_file id="fl-e4">
         <path>/Applications/ti/ccs930/ccs/tools/compiler/ti-cgt-msp430_18.12.6.LTS/lib/</path>
         <kind>archive</kind>
         <file>rts430x_lc_rd_eabi.lib</file>
         <name>fixdli.c.obj</name>
      </input_file>
      <input_file id="fl-e5">
         <path>/Applications/ti/ccs930/ccs/tools/compiler/ti-cgt-msp430_18.12.6.LTS/lib/</path>
         <kind>archive</kind>
         <file>rts430x_lc_rd_eabi.lib</file>
         <name>fltid.c.obj</name>
      </input_file>
      <input_file id="fl-e6">
         <path>/Applications/ti/ccs930/ccs/tools/compiler/ti-cgt-msp430_18.12.6.LTS/lib/</path>
         <kind>archive</kind>
         <file>rts430x_lc_rd_eabi.lib</file>
         <name>fltlid.c.obj</name>
      </input_file>
      <input_file id="fl-e7">
         <path>/Applications/ti/ccs930/ccs/tools/compiler/ti-cgt-msp430_18.12.6.LTS/lib/</path>
         <kind>archive</kind>
         <file>rts430x_lc_rd_eabi.lib</file>
         <name>mpyd.c.obj</name>
      </input_file>
      <input_file id="fl-e8">
         <path>/Applications/ti/ccs930/ccs/tools/compiler/ti-cgt-msp430_18.12.6.LTS/lib/</path>
         <kind>archive</kind>
         <file>rts430x_lc_rd_eabi.lib</file>
         <name>frcmpyd.c.obj</name>
      </input_file>
      <input_file id="fl-e9">
         <path>/Applications/ti/ccs930/ccs/tools/compiler/ti-cgt-msp430_18.12.6.LTS/lib/</path>
         <kind>archive</kind>
         <file>rts430x_lc_rd_eabi.lib</file>
         <name>negd.c.obj</name>
      </input_file>
      <input_file id="fl-ea">
         <path>/Applications/ti/ccs930/ccs/tools/compiler/ti-cgt-msp430_18.12.6.LTS/lib/</path>
         <kind>archive</kind>
         <file>rts430x_lc_rd_eabi.lib</file>
         <name>lsl64.c.obj</name>
      </input_file>
      <input_file id="fl-eb">
         <path>/Applications/ti/ccs930/ccs/tools/compiler/ti-cgt-msp430_18.12.6.LTS/lib/</path>
         <kind>archive</kind>
         <file>rts430x_lc_rd_eabi.lib</file>
         <name>subd.c.obj</name>
      </input_file>
      <input_file id="fl-ec">
         <path>/Applications/ti/ccs930/ccs/tools/compiler/ti-cgt-msp430_18.12.6.LTS/lib/</path>
         <kind>archive</kind>
         <file>rts430x_lc_rd_eabi.lib</file>
         <name>addd.c.obj</name>
      </input_file>
      <input_file id="fl-ed">
         <path>/Applications/ti/ccs930/ccs/tools/compiler/ti-cgt-msp430_18.12.6.LTS/lib/</path>
         <kind>archive</kind>
         <file>rts430x_lc_rd_eabi.lib</file>
         <name>frcaddd.c.obj</name>
      </input_file>
      <input_file id="fl-ee">
         <path>/Applications/ti/ccs930/ccs/tools/compiler/ti-cgt-msp430_18.12.6.LTS/lib/</path>
         <kind>archive</kind>
         <file>rts430x_lc_rd_eabi.lib</file>
         <name>renormd.c.obj</name>
      </input_file>
      <input_file id="fl-ef">
         <path>/Applications/ti/ccs930/ccs/tools/compiler/ti-cgt-msp430_18.12.6.LTS/lib/</path>
         <kind>archive</kind>
         <file>rts430x_lc_rd_eabi.lib</file>
         <name>defs.c.obj</name>
      </input_file>
      <input_file id="fl-f0">
         <path>/Applications/ti/ccs930/ccs/tools/compiler/ti-cgt-msp430_18.12.6.LTS/lib/</path>
         <kind>archive</kind>
         <file>rts430x_lc_rd_eabi.lib</file>
         <name>atoi.c.obj</name>
      </input_file>
      <input_file id="fl-f1">
         <path>/Applications/ti/ccs930/ccs/tools/compiler/ti-cgt-msp430_18.12.6.LTS/lib/</path>
         <kind>archive</kind>
         <file>rts430x_lc_rd_eabi.lib</file>
         <name>ctype.c.obj</name>
      </input_file>
      <input_file id="fl-f2">
         <path>/Applications/ti/ccs930/ccs/tools/compiler/ti-cgt-msp430_18.12.6.LTS/lib/</path>
         <kind>archive</kind>
         <file>rts430x_lc_rd_eabi.lib</file>
         <name>errno.c.obj</name>
      </input_file>
      <input_file id="fl-f3">
         <path>/Applications/ti/ccs930/ccs/tools/compiler/ti-cgt-msp430_18.12.6.LTS/lib/</path>
         <kind>archive</kind>
         <file>rts430x_lc_rd_eabi.lib</file>
         <name>s_frexp.c.obj</name>
      </input_file>
      <input_file id="fl-f4">
         <path>/Applications/ti/ccs930/ccs/tools/compiler/ti-cgt-msp430_18.12.6.LTS/lib/</path>
         <kind>archive</kind>
         <file>rts430x_lc_rd_eabi.lib</file>
         <name>s_scalbn.c.obj</name>
      </input_file>
      <input_file id="fl-f5">
         <path>/Applications/ti/ccs930/ccs/tools/compiler/ti-cgt-msp430_18.12.6.LTS/lib/</path>
         <kind>archive</kind>
         <file>rts430x_lc_rd_eabi.lib</file>
         <name>s_copysign.c.obj</name>
      </input_file>
      <input_file id="fl-f6">
         <path>/Applications/ti/ccs930/ccs/tools/compiler/ti-cgt-msp430_18.12.6.LTS/lib/</path>
         <kind>archive</kind>
         <file>rts430x_lc_rd_eabi.lib</file>
         <name>ltoa.c.obj</name>
      </input_file>
      <input_file id="fl-f7">
         <path>/Applications/ti/ccs930/ccs/tools/compiler/ti-cgt-msp430_18.12.6.LTS/lib/</path>
         <kind>archive</kind>
         <file>rts430x_lc_rd_eabi.lib</file>
         <name>memccpy.c.obj</name>
      </input_file>
      <input_file id="fl-f8">
         <path>/Applications/ti/ccs930/ccs/tools/compiler/ti-cgt-msp430_18.12.6.LTS/lib/</path>
         <kind>archive</kind>
         <file>rts430x_lc_rd_eabi.lib</file>
         <name>rand.c.obj</name>
      </input_file>
      <input_file id="fl-f9">
         <path>/Applications/ti/ccs930/ccs/tools/compiler/ti-cgt-msp430_18.12.6.LTS/lib/</path>
         <kind>archive</kind>
         <file>rts430x_lc_rd_eabi.lib</file>
         <name>e_sqrt.c.obj</name>
      </input_file>
      <input_file id="fl-fa">
         <path>/Applications/ti/ccs930/ccs/tools/compiler/ti-cgt-msp430_18.12.6.LTS/lib/</path>
         <kind>archive</kind>
         <file>rts430x_lc_rd_eabi.lib</file>
         <name>strchr.c.obj</name>
      </input_file>
      <input_file id="fl-fb">
         <path>/Applications/ti/ccs930/ccs/tools/compiler/ti-cgt-msp430_18.12.6.LTS/lib/</path>
         <kind>archive</kind>
         <file>rts430x_lc_rd_eabi.lib</file>
         <name>strlen.c.obj</name>
      </input_file>
      <input_file id="fl-fc">
         <path>/Applications/ti/ccs930/ccs/tools/compiler/ti-cgt-msp430_18.12.6.LTS/lib/</path>
         <kind>archive</kind>
         <file>rts430x_lc_rd_eabi.lib</file>
         <name>toupper.c.obj</name>
      </input_file>
      <input_file id="fl-fd">
         <path>/Applications/ti/ccs930/ccs/tools/compiler/ti-cgt-msp430_18.12.6.LTS/lib/</path>
         <kind>archive</kind>
         <file>rts430x_lc_rd_eabi.lib</file>
         <name>wcslen.c.obj</name>
      </input_file>
   </input_file_list>
   <object_component_list>
      <object_component id="oc-c85">
         <name>.cinit..data.load</name>
         <load_address>0x423e</load_address>
         <run_address>0x423e</run_address>
         <size>0x7f</size>
      </object_component>
      <object_component id="oc-c82">
         <name>__TI_handler_table</name>
         <load_address>0x42be</load_address>
         <run_address>0x42be</run_address>
         <size>0xc</size>
      </object_component>
      <object_component id="oc-c84">
         <name>.cinit..bss.load</name>
         <load_address>0x42ca</load_address>
         <run_address>0x42ca</run_address>
         <size>0x6</size>
      </object_component>
      <object_component id="oc-c83">
         <name>__TI_cinit_table</name>
         <load_address>0x42d0</load_address>
         <run_address>0x42d0</run_address>
         <size>0x10</size>
      </object_component>
      <object_component id="oc-c14">
         <name>.binit</name>
         <load_address>0x4000</load_address>
         <run_address>0x4000</run_address>
         <size>0x0</size>
      </object_component>
      <object_component id="oc-6ca">
         <name>.text:_isr:_c_int00_noargs</name>
         <load_address>0x4000</load_address>
         <run_address>0x4000</run_address>
         <size>0x1c</size>
         <input_file_ref idref="fl-d0"/>
      </object_component>
      <object_component id="oc-6b2">
         <name>.text:_isr:INT_Timer2A0</name>
         <load_address>0x401c</load_address>
         <run_address>0x401c</run_address>
         <size>0x12</size>
         <input_file_ref idref="fl-2a"/>
      </object_component>
      <object_component id="oc-6ad">
         <name>.text:_isr:__TI_ISR_TRAP</name>
         <load_address>0x402e</load_address>
         <run_address>0x402e</run_address>
         <size>0x8</size>
         <input_file_ref idref="fl-99"/>
      </object_component>
      <object_component id="oc-a7e">
         <name>.const:.string:_ctypes_</name>
         <load_address>0x4036</load_address>
         <run_address>0x4036</run_address>
         <size>0x101</size>
         <input_file_ref idref="fl-f1"/>
      </object_component>
      <object_component id="oc-8b2">
         <name>.const:.string</name>
         <load_address>0x4138</load_address>
         <run_address>0x4138</run_address>
         <size>0xba</size>
         <input_file_ref idref="fl-74"/>
      </object_component>
      <object_component id="oc-a4e">
         <name>.const:.string</name>
         <load_address>0x41f2</load_address>
         <run_address>0x41f2</run_address>
         <size>0x26</size>
         <input_file_ref idref="fl-de"/>
      </object_component>
      <object_component id="oc-915">
         <name>.const:GPIO_PORT_TO_BASE</name>
         <load_address>0x4218</load_address>
         <run_address>0x4218</run_address>
         <size>0x1c</size>
         <input_file_ref idref="fl-11"/>
      </object_component>
      <object_component id="oc-813">
         <name>.const:$P$T0$1</name>
         <load_address>0x4234</load_address>
         <run_address>0x4234</run_address>
         <size>0xa</size>
         <input_file_ref idref="fl-2"/>
      </object_component>
      <object_component id="oc-798">
         <name>.text:__scheduler_run</name>
         <load_address>0x10000</load_address>
         <run_address>0x10000</run_address>
         <size>0x722</size>
         <input_file_ref idref="fl-74"/>
      </object_component>
      <object_component id="oc-b7d">
         <name>.text:__TI_frcdivd</name>
         <load_address>0x10722</load_address>
         <run_address>0x10722</run_address>
         <size>0x466</size>
         <input_file_ref idref="fl-e1"/>
      </object_component>
      <object_component id="oc-ad1">
         <name>.text:__mspabi_divull</name>
         <load_address>0x10b88</load_address>
         <run_address>0x10b88</run_address>
         <size>0x34e</size>
         <input_file_ref idref="fl-e2"/>
      </object_component>
      <object_component id="oc-bb2">
         <name>.text:__mspabi_addd</name>
         <load_address>0x10ed6</load_address>
         <run_address>0x10ed6</run_address>
         <size>0x2e0</size>
         <input_file_ref idref="fl-ec"/>
      </object_component>
      <object_component id="oc-97a">
         <name>.text:__TI_printfi</name>
         <load_address>0x111b6</load_address>
         <run_address>0x111b6</run_address>
         <size>0x2a6</size>
         <input_file_ref idref="fl-de"/>
      </object_component>
      <object_component id="oc-b75">
         <name>.text:__TI_frcmpyd</name>
         <load_address>0x1145c</load_address>
         <run_address>0x1145c</run_address>
         <size>0x280</size>
         <input_file_ref idref="fl-e8"/>
      </object_component>
      <object_component id="oc-9fd">
         <name>.text:_setfield</name>
         <load_address>0x116dc</load_address>
         <run_address>0x116dc</run_address>
         <size>0x27a</size>
         <input_file_ref idref="fl-de"/>
      </object_component>
      <object_component id="oc-a55">
         <name>.text:_pproc_fgea</name>
         <load_address>0x11956</load_address>
         <run_address>0x11956</run_address>
         <size>0x268</size>
         <input_file_ref idref="fl-de"/>
      </object_component>
      <object_component id="oc-b0b">
         <name>.text:__mspabi_mpyd</name>
         <load_address>0x11bbe</load_address>
         <run_address>0x11bbe</run_address>
         <size>0x266</size>
         <input_file_ref idref="fl-e7"/>
      </object_component>
      <object_component id="oc-be5">
         <name>.text:__TI_frcaddd</name>
         <load_address>0x11e24</load_address>
         <run_address>0x11e24</run_address>
         <size>0x248</size>
         <input_file_ref idref="fl-ed"/>
      </object_component>
      <object_component id="oc-b1e">
         <name>.text:acvt</name>
         <load_address>0x1206c</load_address>
         <run_address>0x1206c</run_address>
         <size>0x224</size>
         <input_file_ref idref="fl-de"/>
      </object_component>
      <object_component id="oc-b11">
         <name>.text:__mspabi_divd</name>
         <load_address>0x12290</load_address>
         <run_address>0x12290</run_address>
         <size>0x222</size>
         <input_file_ref idref="fl-e0"/>
      </object_component>
      <object_component id="oc-a83">
         <name>.text:_getarg_diouxp</name>
         <load_address>0x124b2</load_address>
         <run_address>0x124b2</run_address>
         <size>0x20c</size>
         <input_file_ref idref="fl-de"/>
      </object_component>
      <object_component id="oc-963">
         <name>.text:__elk_normal_cksum</name>
         <load_address>0x126be</load_address>
         <run_address>0x126be</run_address>
         <size>0x1e6</size>
         <input_file_ref idref="fl-74"/>
      </object_component>
      <object_component id="oc-aeb">
         <name>.text:ecvt</name>
         <load_address>0x128a4</load_address>
         <run_address>0x128a4</run_address>
         <size>0x1e6</size>
         <input_file_ref idref="fl-de"/>
      </object_component>
      <object_component id="oc-afe">
         <name>.text:fcvt</name>
         <load_address>0x12a8a</load_address>
         <run_address>0x12a8a</run_address>
         <size>0x1c8</size>
         <input_file_ref idref="fl-de"/>
      </object_component>
      <object_component id="oc-aad">
         <name>.text:_pconv_e</name>
         <load_address>0x12c52</load_address>
         <run_address>0x12c52</run_address>
         <size>0x1a2</size>
         <input_file_ref idref="fl-de"/>
      </object_component>
      <object_component id="oc-9d8">
         <name>.text:__elk_dynamic_crc</name>
         <load_address>0x12df4</load_address>
         <run_address>0x12df4</run_address>
         <size>0x184</size>
         <input_file_ref idref="fl-74"/>
      </object_component>
      <object_component id="oc-9d2">
         <name>.text:__elk_dlist_replace</name>
         <load_address>0x12f78</load_address>
         <run_address>0x12f78</run_address>
         <size>0x17a</size>
         <input_file_ref idref="fl-74"/>
      </object_component>
      <object_component id="oc-ab3">
         <name>.text:_pconv_a</name>
         <load_address>0x130f2</load_address>
         <run_address>0x130f2</run_address>
         <size>0x170</size>
         <input_file_ref idref="fl-de"/>
      </object_component>
      <object_component id="oc-718">
         <name>.text:main</name>
         <load_address>0x13262</load_address>
         <run_address>0x13262</run_address>
         <size>0x162</size>
         <input_file_ref idref="fl-2"/>
      </object_component>
      <object_component id="oc-b8c">
         <name>.text:scalbn</name>
         <load_address>0x133c4</load_address>
         <run_address>0x133c4</run_address>
         <size>0x15a</size>
         <input_file_ref idref="fl-f4"/>
      </object_component>
      <object_component id="oc-a4f">
         <name>.text:_pproc_diouxp</name>
         <load_address>0x1351e</load_address>
         <run_address>0x1351e</run_address>
         <size>0x148</size>
         <input_file_ref idref="fl-de"/>
      </object_component>
      <object_component id="oc-908">
         <name>.text:CS_setDCOFreq</name>
         <load_address>0x13666</load_address>
         <run_address>0x13666</run_address>
         <size>0x140</size>
         <input_file_ref idref="fl-8"/>
      </object_component>
      <object_component id="oc-a89">
         <name>.text:_ltostr</name>
         <load_address>0x137a6</load_address>
         <run_address>0x137a6</run_address>
         <size>0x128</size>
         <input_file_ref idref="fl-de"/>
      </object_component>
      <object_component id="oc-86d">
         <name>.text:bitcount</name>
         <load_address>0x138ce</load_address>
         <run_address>0x138ce</run_address>
         <size>0x11c</size>
         <input_file_ref idref="fl-6b"/>
      </object_component>
      <object_component id="oc-792">
         <name>.text:_benchmark_bc_init</name>
         <load_address>0x139ea</load_address>
         <run_address>0x139ea</run_address>
         <size>0x108</size>
         <input_file_ref idref="fl-6b"/>
      </object_component>
      <object_component id="oc-aa1">
         <name>.text:_pconv_g</name>
         <load_address>0x13af2</load_address>
         <run_address>0x13af2</run_address>
         <size>0xfc</size>
         <input_file_ref idref="fl-de"/>
      </object_component>
      <object_component id="oc-898">
         <name>.text:__elk_verify</name>
         <load_address>0x13bee</load_address>
         <run_address>0x13bee</run_address>
         <size>0xec</size>
         <input_file_ref idref="fl-74"/>
      </object_component>
      <object_component id="oc-9f7">
         <name>.text:_pproc_fwp</name>
         <load_address>0x13cda</load_address>
         <run_address>0x13cda</run_address>
         <size>0xea</size>
         <input_file_ref idref="fl-de"/>
      </object_component>
      <object_component id="oc-879">
         <name>.text:ntbl_bitcount</name>
         <load_address>0x13dc4</load_address>
         <run_address>0x13dc4</run_address>
         <size>0xda</size>
         <input_file_ref idref="fl-6b"/>
      </object_component>
      <object_component id="oc-ab9">
         <name>.text:__mspabi_cmpd</name>
         <load_address>0x13e9e</load_address>
         <run_address>0x13e9e</run_address>
         <size>0xd8</size>
         <input_file_ref idref="fl-df"/>
      </object_component>
      <object_component id="oc-87f">
         <name>.text:BW_btbl_bitcount</name>
         <load_address>0x13f76</load_address>
         <run_address>0x13f76</run_address>
         <size>0xc8</size>
         <input_file_ref idref="fl-6b"/>
      </object_component>
      <object_component id="oc-a09">
         <name>.text:_pproc_wstr</name>
         <load_address>0x1403e</load_address>
         <run_address>0x1403e</run_address>
         <size>0xc8</size>
         <input_file_ref idref="fl-de"/>
      </object_component>
      <object_component id="oc-85b">
         <name>.text:__init_task</name>
         <load_address>0x14106</load_address>
         <run_address>0x14106</run_address>
         <size>0xc0</size>
         <input_file_ref idref="fl-75"/>
      </object_component>
      <object_component id="oc-88b">
         <name>.text:bit_shifter</name>
         <load_address>0x141c6</load_address>
         <run_address>0x141c6</run_address>
         <size>0xbe</size>
         <input_file_ref idref="fl-6b"/>
      </object_component>
      <object_component id="oc-885">
         <name>.text:AR_btbl_bitcount</name>
         <load_address>0x14284</load_address>
         <run_address>0x14284</run_address>
         <size>0xbc</size>
         <input_file_ref idref="fl-6b"/>
      </object_component>
      <object_component id="oc-867">
         <name>.text:bit_count</name>
         <load_address>0x14340</load_address>
         <run_address>0x14340</run_address>
         <size>0xbc</size>
         <input_file_ref idref="fl-6b"/>
      </object_component>
      <object_component id="oc-78c">
         <name>.text:__elk_init</name>
         <load_address>0x143fc</load_address>
         <run_address>0x143fc</run_address>
         <size>0xb6</size>
         <input_file_ref idref="fl-74"/>
      </object_component>
      <object_component id="oc-c02">
         <name>.text:__TI_renormd</name>
         <load_address>0x144b2</load_address>
         <run_address>0x144b2</run_address>
         <size>0xb2</size>
         <input_file_ref idref="fl-ee"/>
      </object_component>
      <object_component id="oc-8aa">
         <name>.text:__elk_update_nv</name>
         <load_address>0x14564</load_address>
         <run_address>0x14564</run_address>
         <size>0xb2</size>
         <input_file_ref idref="fl-74"/>
      </object_component>
      <object_component id="oc-774">
         <name>.text:__elk_check_nv</name>
         <load_address>0x14616</load_address>
         <run_address>0x14616</run_address>
         <size>0xa8</size>
         <input_file_ref idref="fl-74"/>
      </object_component>
      <object_component id="oc-a03">
         <name>.text:_pproc_str</name>
         <load_address>0x146be</load_address>
         <run_address>0x146be</run_address>
         <size>0xa6</size>
         <input_file_ref idref="fl-de"/>
      </object_component>
      <object_component id="oc-b18">
         <name>.text:frexp</name>
         <load_address>0x14764</load_address>
         <run_address>0x14764</run_address>
         <size>0xa6</size>
         <input_file_ref idref="fl-f3"/>
      </object_component>
      <object_component id="oc-873">
         <name>.text:ntbl_bitcnt</name>
         <load_address>0x1480a</load_address>
         <run_address>0x1480a</run_address>
         <size>0xa0</size>
         <input_file_ref idref="fl-6b"/>
      </object_component>
      <object_component id="oc-b58">
         <name>.text:__mspabi_fltlid</name>
         <load_address>0x148aa</load_address>
         <run_address>0x148aa</run_address>
         <size>0x9e</size>
         <input_file_ref idref="fl-e6"/>
      </object_component>
      <object_component id="oc-806">
         <name>.text:EUSCI_A_UART_init</name>
         <load_address>0x14948</load_address>
         <run_address>0x14948</run_address>
         <size>0x9a</size>
         <input_file_ref idref="fl-c"/>
      </object_component>
      <object_component id="oc-af1">
         <name>.text:_ecpy</name>
         <load_address>0x149e2</load_address>
         <run_address>0x149e2</run_address>
         <size>0x90</size>
         <input_file_ref idref="fl-de"/>
      </object_component>
      <object_component id="oc-af7">
         <name>.text:_mcpy</name>
         <load_address>0x14a72</load_address>
         <run_address>0x14a72</run_address>
         <size>0x90</size>
         <input_file_ref idref="fl-de"/>
      </object_component>
      <object_component id="oc-861">
         <name>.text:select_func</name>
         <load_address>0x14b02</load_address>
         <run_address>0x14b02</run_address>
         <size>0x8c</size>
         <input_file_ref idref="fl-6b"/>
      </object_component>
      <object_component id="oc-b52">
         <name>.text:ltoa</name>
         <load_address>0x14b8e</load_address>
         <run_address>0x14b8e</run_address>
         <size>0x80</size>
         <input_file_ref idref="fl-f6"/>
      </object_component>
      <object_component id="oc-77a">
         <name>.text:__elk_backup</name>
         <load_address>0x14c0e</load_address>
         <run_address>0x14c0e</run_address>
         <size>0x7e</size>
         <input_file_ref idref="fl-74"/>
      </object_component>
      <object_component id="oc-aa7">
         <name>.text:_pconv_f</name>
         <load_address>0x14c8c</load_address>
         <run_address>0x14c8c</run_address>
         <size>0x78</size>
         <input_file_ref idref="fl-de"/>
      </object_component>
      <object_component id="oc-80">
         <name>.text:decompress:lzss:__TI_decompress_lzss</name>
         <load_address>0x14d04</load_address>
         <run_address>0x14d04</run_address>
         <size>0x76</size>
         <input_file_ref idref="fl-96"/>
      </object_component>
      <object_component id="oc-7fc">
         <name>.text:GPIO_setAsPeripheralModuleFunctionInputPin</name>
         <load_address>0x14d7a</load_address>
         <run_address>0x14d7a</run_address>
         <size>0x72</size>
         <input_file_ref idref="fl-11"/>
      </object_component>
      <object_component id="oc-90e">
         <name>.text:CS_initClockSignal</name>
         <load_address>0x14dec</load_address>
         <run_address>0x14dec</run_address>
         <size>0x6a</size>
         <input_file_ref idref="fl-8"/>
      </object_component>
      <object_component id="oc-b4c">
         <name>.text:__mspabi_fixdli</name>
         <load_address>0x14e56</load_address>
         <run_address>0x14e56</run_address>
         <size>0x66</size>
         <input_file_ref idref="fl-e4"/>
      </object_component>
      <object_component id="oc-a47">
         <name>.text:atoi</name>
         <load_address>0x14ebc</load_address>
         <run_address>0x14ebc</run_address>
         <size>0x62</size>
         <input_file_ref idref="fl-f0"/>
      </object_component>
      <object_component id="oc-89e">
         <name>.text:__elk_first_cksum</name>
         <load_address>0x14f1e</load_address>
         <run_address>0x14f1e</run_address>
         <size>0x60</size>
         <input_file_ref idref="fl-74"/>
      </object_component>
      <object_component id="oc-8b9">
         <name>.text</name>
         <load_address>0x14f7e</load_address>
         <run_address>0x14f7e</run_address>
         <size>0x58</size>
         <input_file_ref idref="fl-c0"/>
      </object_component>
      <object_component id="oc-849">
         <name>.text:__create_thread</name>
         <load_address>0x14fd6</load_address>
         <run_address>0x14fd6</run_address>
         <size>0x56</size>
         <input_file_ref idref="fl-75"/>
      </object_component>
      <object_component id="oc-7c8">
         <name>.text:__TI_auto_init_nobinit_nopinit_hold_wdt:__TI_auto_init_nobinit_nopinit_hold_wdt</name>
         <load_address>0x1502c</load_address>
         <run_address>0x1502c</run_address>
         <size>0x54</size>
         <input_file_ref idref="fl-d3"/>
      </object_component>
      <object_component id="oc-816">
         <name>.text:Timer_A_initContinuousMode</name>
         <load_address>0x15080</load_address>
         <run_address>0x15080</run_address>
         <size>0x50</size>
         <input_file_ref idref="fl-21"/>
      </object_component>
      <object_component id="oc-b04">
         <name>.text:_fcpy</name>
         <load_address>0x150d0</load_address>
         <run_address>0x150d0</run_address>
         <size>0x4e</size>
         <input_file_ref idref="fl-de"/>
      </object_component>
      <object_component id="oc-8b3">
         <name>.text:printf</name>
         <load_address>0x1511e</load_address>
         <run_address>0x1511e</run_address>
         <size>0x4a</size>
         <input_file_ref idref="fl-dd"/>
      </object_component>
      <object_component id="oc-ba9">
         <name>.text</name>
         <load_address>0x15168</load_address>
         <run_address>0x15168</run_address>
         <size>0x40</size>
         <input_file_ref idref="fl-be"/>
      </object_component>
      <object_component id="oc-bbb">
         <name>.text:l_asr_const</name>
         <load_address>0x151a8</load_address>
         <run_address>0x151a8</run_address>
         <size>0x3e</size>
         <input_file_ref idref="fl-cc"/>
      </object_component>
      <object_component id="oc-ba3">
         <name>.text:l_lsl_const</name>
         <load_address>0x151e6</load_address>
         <run_address>0x151e6</run_address>
         <size>0x3e</size>
         <input_file_ref idref="fl-ca"/>
      </object_component>
      <object_component id="oc-941">
         <name>.text:l_lsr_const</name>
         <load_address>0x15224</load_address>
         <run_address>0x15224</run_address>
         <size>0x3e</size>
         <input_file_ref idref="fl-ce"/>
      </object_component>
      <object_component id="oc-b36">
         <name>.text:__mspabi_sllll</name>
         <load_address>0x15262</load_address>
         <run_address>0x15262</run_address>
         <size>0x3a</size>
         <input_file_ref idref="fl-ea"/>
      </object_component>
      <object_component id="oc-adc">
         <name>.text:__mspabi_srlll</name>
         <load_address>0x1529c</load_address>
         <run_address>0x1529c</run_address>
         <size>0x3a</size>
         <input_file_ref idref="fl-cf"/>
      </object_component>
      <object_component id="oc-759">
         <name>.text:__timerA_init</name>
         <load_address>0x152d6</load_address>
         <run_address>0x152d6</run_address>
         <size>0x3a</size>
         <input_file_ref idref="fl-2"/>
      </object_component>
      <object_component id="oc-8a4">
         <name>.text:__elk_checksum</name>
         <load_address>0x15310</load_address>
         <run_address>0x15310</run_address>
         <size>0x38</size>
         <input_file_ref idref="fl-74"/>
      </object_component>
      <object_component id="oc-7f6">
         <name>.text:GPIO_setAsOutputPin</name>
         <load_address>0x15348</load_address>
         <run_address>0x15348</run_address>
         <size>0x34</size>
         <input_file_ref idref="fl-11"/>
      </object_component>
      <object_component id="oc-7e9">
         <name>.text:__cs_init</name>
         <load_address>0x1537c</load_address>
         <run_address>0x1537c</run_address>
         <size>0x34</size>
         <input_file_ref idref="fl-2"/>
      </object_component>
      <object_component id="oc-95b">
         <name>.text:__elk_crc</name>
         <load_address>0x153b0</load_address>
         <run_address>0x153b0</run_address>
         <size>0x34</size>
         <input_file_ref idref="fl-74"/>
      </object_component>
      <object_component id="oc-76e">
         <name>.text:Timer_A_getCounterValue</name>
         <load_address>0x153e4</load_address>
         <run_address>0x153e4</run_address>
         <size>0x32</size>
         <input_file_ref idref="fl-21"/>
      </object_component>
      <object_component id="oc-b5e">
         <name>.text:__mspabi_subd</name>
         <load_address>0x15416</load_address>
         <run_address>0x15416</run_address>
         <size>0x32</size>
         <input_file_ref idref="fl-eb"/>
      </object_component>
      <object_component id="oc-a9b">
         <name>.text:__mspabi_negd</name>
         <load_address>0x15448</load_address>
         <run_address>0x15448</run_address>
         <size>0x2e</size>
         <input_file_ref idref="fl-e9"/>
      </object_component>
      <object_component id="oc-bd4">
         <name>.text:copysign</name>
         <load_address>0x15476</load_address>
         <run_address>0x15476</run_address>
         <size>0x2e</size>
         <input_file_ref idref="fl-f5"/>
      </object_component>
      <object_component id="oc-9cc">
         <name>.text:findEmptyNode</name>
         <load_address>0x154a4</load_address>
         <run_address>0x154a4</run_address>
         <size>0x2e</size>
         <input_file_ref idref="fl-74"/>
      </object_component>
      <object_component id="oc-83c">
         <name>.text:__dma_word_copy</name>
         <load_address>0x154d2</load_address>
         <run_address>0x154d2</run_address>
         <size>0x2a</size>
         <input_file_ref idref="fl-73"/>
      </object_component>
      <object_component id="oc-747">
         <name>.text:__mcu_init</name>
         <load_address>0x154fc</load_address>
         <run_address>0x154fc</run_address>
         <size>0x2a</size>
         <input_file_ref idref="fl-2"/>
      </object_component>
      <object_component id="oc-9e3">
         <name>.text:fputs</name>
         <load_address>0x15526</load_address>
         <run_address>0x15526</run_address>
         <size>0x2a</size>
         <input_file_ref idref="fl-27"/>
      </object_component>
      <object_component id="oc-b64">
         <name>.text:__mspabi_fixdi</name>
         <load_address>0x15550</load_address>
         <run_address>0x15550</run_address>
         <size>0x28</size>
         <input_file_ref idref="fl-e3"/>
      </object_component>
      <object_component id="oc-947">
         <name>.text:non_recursive_cnt</name>
         <load_address>0x15578</load_address>
         <run_address>0x15578</run_address>
         <size>0x28</size>
         <input_file_ref idref="fl-6b"/>
      </object_component>
      <object_component id="oc-74d">
         <name>.text:UART_initGPIO</name>
         <load_address>0x155a0</load_address>
         <run_address>0x155a0</run_address>
         <size>0x26</size>
         <input_file_ref idref="fl-26"/>
      </object_component>
      <object_component id="oc-6b8">
         <name>.text:decompress:ZI:__TI_zero_init_nomemset:__TI_zero_init_nomemset</name>
         <load_address>0x155c6</load_address>
         <run_address>0x155c6</run_address>
         <size>0x24</size>
         <input_file_ref idref="fl-bc"/>
      </object_component>
      <object_component id="oc-855">
         <name>.text:init</name>
         <load_address>0x155ea</load_address>
         <run_address>0x155ea</run_address>
         <size>0x24</size>
         <input_file_ref idref="fl-6b"/>
      </object_component>
      <object_component id="oc-bc0">
         <name>.text</name>
         <load_address>0x1560e</load_address>
         <run_address>0x1560e</run_address>
         <size>0x24</size>
         <input_file_ref idref="fl-c4"/>
      </object_component>
      <object_component id="oc-a3c">
         <name>.text:EUSCI_A_UART_transmitData</name>
         <load_address>0x15632</load_address>
         <run_address>0x15632</run_address>
         <size>0x22</size>
         <input_file_ref idref="fl-c"/>
      </object_component>
      <object_component id="oc-a5b">
         <name>.text:memccpy</name>
         <load_address>0x15654</load_address>
         <run_address>0x15654</run_address>
         <size>0x1e</size>
         <input_file_ref idref="fl-f7"/>
      </object_component>
      <object_component id="oc-7f0">
         <name>.text:GPIO_setOutputLowOnPin</name>
         <load_address>0x15672</load_address>
         <run_address>0x15672</run_address>
         <size>0x1c</size>
         <input_file_ref idref="fl-11"/>
      </object_component>
      <object_component id="oc-b92">
         <name>.text:strchr</name>
         <load_address>0x1568e</load_address>
         <run_address>0x1568e</run_address>
         <size>0x1c</size>
         <input_file_ref idref="fl-fa"/>
      </object_component>
      <object_component id="oc-75f">
         <name>.text:__chg_bgt_get</name>
         <load_address>0x156aa</load_address>
         <run_address>0x156aa</run_address>
         <size>0x1a</size>
         <input_file_ref idref="fl-2"/>
      </object_component>
      <object_component id="oc-834">
         <name>.text</name>
         <load_address>0x156c4</load_address>
         <run_address>0x156c4</run_address>
         <size>0x18</size>
         <input_file_ref idref="fl-c2"/>
      </object_component>
      <object_component id="oc-753">
         <name>.text:UART_init</name>
         <load_address>0x156dc</load_address>
         <run_address>0x156dc</run_address>
         <size>0x16</size>
         <input_file_ref idref="fl-26"/>
      </object_component>
      <object_component id="oc-84f">
         <name>.text:memset</name>
         <load_address>0x156f2</load_address>
         <run_address>0x156f2</run_address>
         <size>0x16</size>
         <input_file_ref idref="fl-dc"/>
      </object_component>
      <object_component id="oc-ad7">
         <name>.text</name>
         <load_address>0x15708</load_address>
         <run_address>0x15708</run_address>
         <size>0x16</size>
         <input_file_ref idref="fl-bf"/>
      </object_component>
      <object_component id="oc-a63">
[...]
      <symbol id="sm-a68">
         <name>__TI_int37</name>
         <value>0xffda</value>
         <object_component_ref idref="oc-9e"/>
      </symbol>
      <symbol id="sm-a6b">
         <name>__TI_int39</name>
         <value>0xffde</value>
         <object_component_ref idref="oc-a0"/>
      </symbol>
      <symbol id="sm-a6e">
         <name>__TI_int40</name>
         <value>0xffe0</value>
         <object_component_ref idref="oc-a1"/>
      </symbol>
      <symbol id="sm-a71">
         <name>__TI_int41</name>
         <value>0xffe2</value>
         <object_component_ref idref="oc-a2"/>
      </symbol>
      <symbol id="sm-a74">
         <name>__TI_int42</name>
         <value>0xffe4</value>
         <object_component_ref idref="oc-a3"/>
      </symbol>
      <symbol id="sm-a77">
         <name>__TI_int43</name>
         <value>0xffe6</value>
         <object_component_ref idref="oc-a4"/>
      </symbol>
      <symbol id="sm-a7a">
         <name>__TI_int44</name>
         <value>0xffe8</value>
         <object_component_ref idref="oc-a5"/>
      </symbol>
      <symbol id="sm-a7d">
         <name>__TI_int45</name>
         <value>0xffea</value>
         <object_component_ref idref="oc-a6"/>
      </symbol>
      <symbol id="sm-a80">
         <name>__TI_int46</name>
         <value>0xffec</value>
         <object_component_ref idref="oc-a7"/>
      </symbol>
      <symbol id="sm-a83">
         <name>__TI_int47</name>
         <value>0xffee</value>
         <object_component_ref idref="oc-a8"/>
      </symbol>
      <symbol id="sm-a86">
         <name>__TI_int48</name>
         <value>0xfff0</value>
         <object_component_ref idref="oc-a9"/>
      </symbol>
      <symbol id="sm-a89">
         <name>__TI_int49</name>
         <value>0xfff2</value>
         <object_component_ref idref="oc-aa"/>
      </symbol>
      <symbol id="sm-a8c">
         <name>__TI_int50</name>
         <value>0xfff4</value>
         <object_component_ref idref="oc-ab"/>
      </symbol>
      <symbol id="sm-a8f">
         <name>__TI_int51</name>
         <value>0xfff6</value>
         <object_component_ref idref="oc-ac"/>
      </symbol>
      <symbol id="sm-a92">
         <name>__TI_int52</name>
         <value>0xfff8</value>
         <object_component_ref idref="oc-ad"/>
      </symbol>
      <symbol id="sm-a95">
         <name>__TI_int53</name>
         <value>0xfffa</value>
         <object_component_ref idref="oc-ae"/>
      </symbol>
      <symbol id="sm-a98">
         <name>__TI_int54</name>
         <value>0xfffc</value>
         <object_component_ref idref="oc-af"/>
      </symbol>
      <symbol id="sm-aab">
         <name>__TI_zero_init_nomemset</name>
         <value>0x155c6</value>
         <object_component_ref idref="oc-6b8"/>
      </symbol>
      <symbol id="sm-ab8">
         <name>__mspabi_remli</name>
         <value>0x15168</value>
         <object_component_ref idref="oc-ba9"/>
      </symbol>
      <symbol id="sm-ab9">
         <name>__mspabi_divli</name>
         <value>0x15168</value>
         <object_component_ref idref="oc-ba9"/>
      </symbol>
      <symbol id="sm-ac3">
         <name>__mspabi_remu</name>
         <value>0x15708</value>
         <object_component_ref idref="oc-ad7"/>
      </symbol>
      <symbol id="sm-ac4">
         <name>__mspabi_divu</name>
         <value>0x15708</value>
         <object_component_ref idref="oc-ad7"/>
      </symbol>
      <symbol id="sm-ad2">
         <name>__mspabi_remul</name>
         <value>0x14f7e</value>
         <object_component_ref idref="oc-8b9"/>
      </symbol>
      <symbol id="sm-ad3">
         <name>__mspabi_divul</name>
         <value>0x14f7e</value>
         <object_component_ref idref="oc-8b9"/>
      </symbol>
      <symbol id="sm-adc">
         <name>__mspabi_mpyi_f5hw</name>
         <value>0x156c4</value>
         <object_component_ref idref="oc-834"/>
      </symbol>
      <symbol id="sm-ae5">
         <name>__mspabi_mpyl_f5hw</name>
         <value>0x1560e</value>
         <object_component_ref idref="oc-bc0"/>
      </symbol>
      <symbol id="sm-af2">
         <name>__mspabi_slli</name>
         <value>0x157e0</value>
         <object_component_ref idref="oc-82e"/>
      </symbol>
      <symbol id="sm-b02">
         <name>__mspabi_slll_9</name>
         <value>0x151fe</value>
         <object_component_ref idref="oc-ba3"/>
      </symbol>
      <symbol id="sm-b03">
         <name>__mspabi_slll_8</name>
         <value>0x15202</value>
         <object_component_ref idref="oc-ba3"/>
      </symbol>
      <symbol id="sm-b04">
         <name>__mspabi_slll_7</name>
         <value>0x15206</value>
         <object_component_ref idref="oc-ba3"/>
      </symbol>
      <symbol id="sm-b05">
         <name>__mspabi_slll_6</name>
         <value>0x1520a</value>
         <object_component_ref idref="oc-ba3"/>
      </symbol>
      <symbol id="sm-b06">
         <name>__mspabi_slll_5</name>
         <value>0x1520e</value>
         <object_component_ref idref="oc-ba3"/>
      </symbol>
      <symbol id="sm-b07">
         <name>__mspabi_slll_4</name>
         <value>0x15212</value>
         <object_component_ref idref="oc-ba3"/>
      </symbol>
      <symbol id="sm-b08">
         <name>__mspabi_slll_3</name>
         <value>0x15216</value>
         <object_component_ref idref="oc-ba3"/>
      </symbol>
      <symbol id="sm-b09">
         <name>__mspabi_slll_2</name>
         <value>0x1521a</value>
         <object_component_ref idref="oc-ba3"/>
      </symbol>
      <symbol id="sm-b0a">
         <name>__mspabi_slll_1</name>
         <value>0x1521e</value>
         <object_component_ref idref="oc-ba3"/>
      </symbol>
      <symbol id="sm-b0b">
         <name>__mspabi_slll</name>
         <value>0x15790</value>
         <object_component_ref idref="oc-bf8"/>
      </symbol>
      <symbol id="sm-b0c">
         <name>__mspabi_slll_15</name>
         <value>0x151e6</value>
         <object_component_ref idref="oc-ba3"/>
      </symbol>
      <symbol id="sm-b0d">
         <name>__mspabi_slll_14</name>
         <value>0x151ea</value>
         <object_component_ref idref="oc-ba3"/>
      </symbol>
      <symbol id="sm-b0e">
         <name>__mspabi_slll_13</name>
         <value>0x151ee</value>
         <object_component_ref idref="oc-ba3"/>
      </symbol>
      <symbol id="sm-b0f">
         <name>__mspabi_slll_12</name>
         <value>0x151f2</value>
         <object_component_ref idref="oc-ba3"/>
      </symbol>
      <symbol id="sm-b10">
         <name>__mspabi_slll_11</name>
         <value>0x151f6</value>
         <object_component_ref idref="oc-ba3"/>
      </symbol>
      <symbol id="sm-b11">
         <name>__mspabi_slll_10</name>
         <value>0x151fa</value>
         <object_component_ref idref="oc-ba3"/>
      </symbol>
      <symbol id="sm-b22">
         <name>__mspabi_sral</name>
         <value>0x15780</value>
         <object_component_ref idref="oc-bfd"/>
      </symbol>
      <symbol id="sm-b23">
         <name>__mspabi_sral_15</name>
         <value>0x151a8</value>
         <object_component_ref idref="oc-bbb"/>
      </symbol>
      <symbol id="sm-b24">
         <name>__mspabi_sral_14</name>
         <value>0x151ac</value>
         <object_component_ref idref="oc-bbb"/>
      </symbol>
      <symbol id="sm-b25">
         <name>__mspabi_sral_13</name>
         <value>0x151b0</value>
         <object_component_ref idref="oc-bbb"/>
      </symbol>
      <symbol id="sm-b26">
         <name>__mspabi_sral_12</name>
         <value>0x151b4</value>
         <object_component_ref idref="oc-bbb"/>
      </symbol>
      <symbol id="sm-b27">
         <name>__mspabi_sral_11</name>
         <value>0x151b8</value>
         <object_component_ref idref="oc-bbb"/>
      </symbol>
      <symbol id="sm-b28">
         <name>__mspabi_sral_10</name>
         <value>0x151bc</value>
         <object_component_ref idref="oc-bbb"/>
      </symbol>
      <symbol id="sm-b29">
         <name>__mspabi_sral_8</name>
         <value>0x151c4</value>
         <object_component_ref idref="oc-bbb"/>
      </symbol>
      <symbol id="sm-b2a">
         <name>__mspabi_sral_9</name>
         <value>0x151c0</value>
         <object_component_ref idref="oc-bbb"/>
      </symbol>
      <symbol id="sm-b2b">
         <name>__mspabi_sral_6</name>
         <value>0x151cc</value>
         <object_component_ref idref="oc-bbb"/>
      </symbol>
      <symbol id="sm-b2c">
         <name>__mspabi_sral_7</name>
         <value>0x151c8</value>
         <object_component_ref idref="oc-bbb"/>
      </symbol>
      <symbol id="sm-b2d">
         <name>__mspabi_sral_4</name>
         <value>0x151d4</value>
         <object_component_ref idref="oc-bbb"/>
      </symbol>
      <symbol id="sm-b2e">
         <name>__mspabi_sral_5</name>
         <value>0x151d0</value>
         <object_component_ref idref="oc-bbb"/>
      </symbol>
      <symbol id="sm-b2f">
         <name>__mspabi_sral_2</name>
         <value>0x151dc</value>
         <object_component_ref idref="oc-bbb"/>
      </symbol>
      <symbol id="sm-b30">
         <name>__mspabi_sral_3</name>
         <value>0x151d8</value>
         <object_component_ref idref="oc-bbb"/>
      </symbol>
      <symbol id="sm-b31">
         <name>__mspabi_sral_1</name>
         <value>0x151e0</value>
         <object_component_ref idref="oc-bbb"/>
      </symbol>
      <symbol id="sm-b42">
         <name>__mspabi_srll_8</name>
         <value>0x15240</value>
         <object_component_ref idref="oc-941"/>
      </symbol>
      <symbol id="sm-b43">
         <name>__mspabi_srll_9</name>
         <value>0x1523c</value>
         <object_component_ref idref="oc-941"/>
      </symbol>
      <symbol id="sm-b44">
         <name>__mspabi_srll_6</name>
         <value>0x15248</value>
         <object_component_ref idref="oc-941"/>
      </symbol>
      <symbol id="sm-b45">
         <name>__mspabi_srll_7</name>
         <value>0x15244</value>
         <object_component_ref idref="oc-941"/>
      </symbol>
      <symbol id="sm-b46">
         <name>__mspabi_srll_4</name>
         <value>0x15250</value>
         <object_component_ref idref="oc-941"/>
      </symbol>
      <symbol id="sm-b47">
         <name>__mspabi_srll_5</name>
         <value>0x1524c</value>
         <object_component_ref idref="oc-941"/>
      </symbol>
      <symbol id="sm-b48">
         <name>__mspabi_srll_2</name>
         <value>0x15258</value>
         <object_component_ref idref="oc-941"/>
      </symbol>
      <symbol id="sm-b49">
         <name>__mspabi_srll_3</name>
         <value>0x15254</value>
         <object_component_ref idref="oc-941"/>
      </symbol>
      <symbol id="sm-b4a">
         <name>__mspabi_srll_1</name>
         <value>0x1525c</value>
         <object_component_ref idref="oc-941"/>
      </symbol>
      <symbol id="sm-b4b">
         <name>__mspabi_srll_15</name>
         <value>0x15224</value>
         <object_component_ref idref="oc-941"/>
      </symbol>
      <symbol id="sm-b4c">
         <name>__mspabi_srll_14</name>
         <value>0x15228</value>
         <object_component_ref idref="oc-941"/>
      </symbol>
      <symbol id="sm-b4d">
         <name>__mspabi_srll_13</name>
         <value>0x1522c</value>
         <object_component_ref idref="oc-941"/>
      </symbol>
      <symbol id="sm-b4e">
         <name>__mspabi_srll_12</name>
         <value>0x15230</value>
         <object_component_ref idref="oc-941"/>
      </symbol>
      <symbol id="sm-b4f">
         <name>__mspabi_srll_11</name>
         <value>0x15234</value>
         <object_component_ref idref="oc-941"/>
      </symbol>
      <symbol id="sm-b50">
         <name>__mspabi_srll_10</name>
         <value>0x15238</value>
         <object_component_ref idref="oc-941"/>
      </symbol>
      <symbol id="sm-b51">
         <name>__mspabi_srll</name>
         <value>0x157a0</value>
         <object_component_ref idref="oc-b3c"/>
      </symbol>
      <symbol id="sm-b5e">
         <name>__mspabi_srlll</name>
         <value>0x1529c</value>
         <object_component_ref idref="oc-adc"/>
      </symbol>
      <symbol id="sm-b6e">
         <name>_stack</name>
         <value>0x3b60</value>
         <object_component_ref idref="oc-691"/>
      </symbol>
      <symbol id="sm-b6f">
         <name>_c_int00_noargs</name>
         <value>0x4000</value>
         <object_component_ref idref="oc-6ca"/>
      </symbol>
      <symbol id="sm-b70">
         <name>_reset_vector</name>
         <value>0xfffe</value>
         <object_component_ref idref="oc-694"/>
      </symbol>
      <symbol id="sm-b95">
         <name>__TI_auto_init_nobinit_nopinit_hold_wdt</name>
         <value>0x1502c</value>
         <object_component_ref idref="oc-7c8"/>
      </symbol>
      <symbol id="sm-b9e">
         <name>_system_post_cinit</name>
         <value>0x15818</value>
         <object_component_ref idref="oc-8d6"/>
      </symbol>
      <symbol id="sm-ba7">
         <name>_system_pre_init</name>
         <value>0x1580e</value>
         <object_component_ref idref="oc-712"/>
      </symbol>
      <symbol id="sm-bb1">
         <name>abs</name>
         <value>0x157d6</value>
         <object_component_ref idref="oc-b6b"/>
      </symbol>
      <symbol id="sm-bc1">
         <name>C$$EXIT</name>
         <value>0x15804</value>
         <object_component_ref idref="oc-7a4"/>
      </symbol>
      <symbol id="sm-bc2">
         <name>abort</name>
         <value>0x15804</value>
         <object_component_ref idref="oc-7a4"/>
      </symbol>
      <symbol id="sm-bd9">
         <name>_nop</name>
         <value>0x15816</value>
         <object_component_ref idref="oc-986"/>
      </symbol>
      <symbol id="sm-bda">
         <name>_lock</name>
         <value>0x2078</value>
         <object_component_ref idref="oc-8c8"/>
      </symbol>
      <symbol id="sm-bdb">
         <name>_unlock</name>
         <value>0x207c</value>
         <object_component_ref idref="oc-8d1"/>
      </symbol>
      <symbol id="sm-be9">
         <name>memcpy</name>
         <value>0x15748</value>
         <object_component_ref idref="oc-6a0"/>
      </symbol>
      <symbol id="sm-bf7">
         <name>memset</name>
         <value>0x156f2</value>
         <object_component_ref idref="oc-84f"/>
      </symbol>
      <symbol id="sm-c1a">
         <name>printf</name>
         <value>0x1511e</value>
         <object_component_ref idref="oc-8b3"/>
      </symbol>
      <symbol id="sm-dee">
         <name>__TI_printfi</name>
         <value>0x111b6</value>
         <object_component_ref idref="oc-97a"/>
      </symbol>
      <symbol id="sm-e0d">
         <name>__mspabi_cmpd</name>
         <value>0x13e9e</value>
         <object_component_ref idref="oc-ab9"/>
      </symbol>
      <symbol id="sm-e2e">
         <name>__mspabi_divd</name>
         <value>0x12290</value>
         <object_component_ref idref="oc-b11"/>
      </symbol>
      <symbol id="sm-e49">
         <name>__TI_frcdivd</name>
         <value>0x10722</value>
         <object_component_ref idref="oc-b7d"/>
      </symbol>
      <symbol id="sm-e7c">
         <name>__mspabi_divull</name>
         <value>0x10b88</value>
         <object_component_ref idref="oc-ad1"/>
      </symbol>
      <symbol id="sm-e89">
         <name>__mspabi_fixdi</name>
         <value>0x15550</value>
         <object_component_ref idref="oc-b64"/>
      </symbol>
      <symbol id="sm-e98">
         <name>__mspabi_fixdli</name>
         <value>0x14e56</value>
         <object_component_ref idref="oc-b4c"/>
      </symbol>
      <symbol id="sm-ea1">
         <name>__mspabi_fltid</name>
         <value>0x157ca</value>
         <object_component_ref idref="oc-b98"/>
      </symbol>
      <symbol id="sm-eb9">
         <name>__mspabi_fltlid</name>
         <value>0x148aa</value>
         <object_component_ref idref="oc-b58"/>
      </symbol>
      <symbol id="sm-eda">
         <name>__mspabi_mpyd</name>
         <value>0x11bbe</value>
         <object_component_ref idref="oc-b0b"/>
      </symbol>
      <symbol id="sm-eea">
         <name>__TI_frcmpyd</name>
         <value>0x1145c</value>
         <object_component_ref idref="oc-b75"/>
      </symbol>
      <symbol id="sm-ef3">
         <name>__mspabi_negd</name>
         <value>0x15448</value>
         <object_component_ref idref="oc-a9b"/>
      </symbol>
      <symbol id="sm-f00">
         <name>__mspabi_sllll</name>
         <value>0x15262</value>
         <object_component_ref idref="oc-b36"/>
      </symbol>
      <symbol id="sm-f09">
         <name>__mspabi_subd</name>
         <value>0x15416</value>
         <object_component_ref idref="oc-b5e"/>
      </symbol>
      <symbol id="sm-f2b">
         <name>__mspabi_addd</name>
         <value>0x10ed6</value>
         <object_component_ref idref="oc-bb2"/>
      </symbol>
      <symbol id="sm-f4c">
         <name>__TI_frcaddd</name>
         <value>0x11e24</value>
         <object_component_ref idref="oc-be5"/>
      </symbol>
      <symbol id="sm-f60">
         <name>__TI_renormd</name>
         <value>0x144b2</value>
         <object_component_ref idref="oc-c02"/>
      </symbol>
      <symbol id="sm-f6b">
         <name>_ftable</name>
         <value>0x1f00</value>
         <object_component_ref idref="oc-96b"/>
      </symbol>
      <symbol id="sm-f7e">
         <name>atoi</name>
         <value>0x14ebc</value>
         <object_component_ref idref="oc-a47"/>
      </symbol>
      <symbol id="sm-f88">
         <name>_ctypes_</name>
         <value>0x4036</value>
         <object_component_ref idref="oc-a7e"/>
      </symbol>
      <symbol id="sm-f8f">
         <name>errno</name>
         <value>0x2082</value>
         <object_component_ref idref="oc-a69"/>
      </symbol>
      <symbol id="sm-fab">
         <name>frexpl</name>
         <value>0x14764</value>
         <object_component_ref idref="oc-b18"/>
      </symbol>
      <symbol id="sm-fac">
         <name>frexp</name>
         <value>0x14764</value>
         <object_component_ref idref="oc-b18"/>
      </symbol>
      <symbol id="sm-fc5">
         <name>scalbn</name>
         <value>0x133c4</value>
         <object_component_ref idref="oc-b8c"/>
      </symbol>
      <symbol id="sm-fc6">
         <name>scalbnl</name>
         <value>0x133c4</value>
         <object_component_ref idref="oc-b8c"/>
      </symbol>
      <symbol id="sm-fc7">
         <name>ldexpl</name>
         <value>0x133c4</value>
         <object_component_ref idref="oc-b8c"/>
      </symbol>
      <symbol id="sm-fc8">
         <name>ldexp</name>
         <value>0x133c4</value>
         <object_component_ref idref="oc-b8c"/>
      </symbol>
      <symbol id="sm-fd1">
         <name>copysign</name>
         <value>0x15476</value>
         <object_component_ref idref="oc-bd4"/>
      </symbol>
      <symbol id="sm-fd2">
         <name>copysignl</name>
         <value>0x15476</value>
         <object_component_ref idref="oc-bd4"/>
      </symbol>
      <symbol id="sm-fe1">
         <name>ltoa</name>
         <value>0x14b8e</value>
         <object_component_ref idref="oc-b52"/>
      </symbol>
      <symbol id="sm-ff0">
         <name>memccpy</name>
         <value>0x15654</value>
         <object_component_ref idref="oc-a5b"/>
      </symbol>
      <symbol id="sm-1001">
         <name>strchr</name>
         <value>0x1568e</value>
         <object_component_ref idref="oc-b92"/>
      </symbol>
      <symbol id="sm-100e">
         <name>strlen</name>
         <value>0x157b0</value>
         <object_component_ref idref="oc-9f1"/>
      </symbol>
      <symbol id="sm-101b">
         <name>toupper</name>
         <value>0x1576e</value>
         <object_component_ref idref="oc-a95"/>
      </symbol>
      <symbol id="sm-1033">
         <name>wcslen</name>
         <value>0x1571e</value>
         <object_component_ref idref="oc-a63"/>
      </symbol>
   </symbol_table>
   <title>Link successful</title>
</link_info>
